192.168.114.130 - - [15/Mar/2026:04:26:41 +0000] "DELETE /api/analytics HTTP/1.1" 301 3117 "https://google.com/" "Mozilla/5.0 (Macintosh; Intel Mac OS X 10_15_7) AppleWebKit/537.36 (KHTML, like Gecko) Chrome/122.0.0.0 Safari/537.36"
192.168.39.116 - - [15/Mar/2026:04:26:48 +0000] "DELETE /api/notifications HTTP/1.1" 200 48180 "-" "curl/8.4.0"
192.168.10.67 - - [15/Mar/2026:04:26:55 +0000] "POST /settings HTTP/1.1" 200 30182 "https://news.ycombinator.com/" "curl/8.4.0"
192.168.39.116 - - [15/Mar/2026:04:26:02 +0000] "DELETE /static/main.js HTTP/1.1" 200 35984 "-" "Mozilla/5.0 (Macintosh; Intel Mac OS X 10_15_7) AppleWebKit/537.36 (KHTML, like Gecko) Chrome/122.0.0.0 Safari/537.36"
192.168.110.238 - - [15/Mar/2026:04:26:09 +0000] "GET /settings HTTP/1.1" 500 17592 "https://twitter.com/" "Mozilla/5.0 (iPhone; CPU iPhone OS 17_4 like Mac OS X) AppleWebKit/605.1.15 (KHTML, like Gecko) Version/17.4 Mobile/15E148 Safari/604.1"
192.168.27.24 - - [15/Mar/2026:04:26:16 +0000] "DELETE /api/auth/login HTTP/1.1" 200 21519 "https://news.ycombinator.com/" "curl/8.4.0"
192.168.159.181 - - [15/Mar/2026:04:26:23 +0000] "GET /healthcheck HTTP/1.1" 200 37723 "https://news.ycombinator.com/" "PostmanRuntime/7.36.1"
192.168.15.152 - - [15/Mar/2026:04:27:30 +0000] "DELETE /api/orders HTTP/1.1" 302 23432 "https://google.com/" "Mozilla/5.0 (Macintosh; Intel Mac OS X 10_15_7) AppleWebKit/537.36 (KHTML, like Gecko) Chrome/122.0.0.0 Safari/537.36"
192.168.111.113 - - [15/Mar/2026:04:27:37 +0000] "GET /static/styles.css HTTP/1.1" 200 26299 "https://news.ycombinator.com/" "PostmanRuntime/7.36.1"
192.168.56.87 - - [15/Mar/2026:04:27:44 +0000] "GET /api/users HTTP/1.1" 404 46622 "-" "Mozilla/5.0 (Windows NT 10.0; Win64; x64; rv:124.0) Gecko/20100101 Firefox/124.0"
192.168.45.144 - - [15/Mar/2026:04:27:51 +0000] "GET /api/users HTTP/1.1" 200 36100 "https://google.com/" "PostmanRuntime/7.36.1"
192.168.56.103 - - [15/Mar/2026:04:27:58 +0000] "GET /api/analytics HTTP/1.1" 301 20749 "-" "curl/8.4.0"
192.168.159.181 - - [15/Mar/2026:04:27:05 +0000] "GET /settings HTTP/1.1" 302 10912 "https://google.com/" "Mozilla/5.0 (Windows NT 10.0; Win64; x64; rv:124.0) Gecko/20100101 Firefox/124.0"
192.168.159.181 - - [15/Mar/2026:04:27:12 +0000] "GET /static/main.js HTTP/1.1" 302 30491 "https://github.com/" "Mozilla/5.0 (Windows NT 10.0; Win64; x64; rv:124.0) Gecko/20100101 Firefox/124.0"
192.168.188.46 - - [15/Mar/2026:04:27:19 +0000] "GET /api/auth/login HTTP/1.1" 200 25531 "https://github.com/" "Mozilla/5.0 (Macintosh; Intel Mac OS X 10_15_7) AppleWebKit/537.36 (KHTML, like Gecko) Chrome/122.0.0.0 Safari/537.36"
192.168.15.152 - - [15/Mar/2026:04:27:26 +0000] "GET / HTTP/1.1" 301 26156 "https://twitter.com/" "curl/8.4.0"
192.168.10.67 - - [15/Mar/2026:04:27:33 +0000] "DELETE /api/users HTTP/1.1" 200 7423 "https://google.com/" "curl/8.4.0"
192.168.160.103 - - [15/Mar/2026:04:28:40 +0000] "POST /dashboard HTTP/1.1" 200 41581 "-" "PostmanRuntime/7.36.1"
192.168.15.152 - - [15/Mar/2026:04:28:47 +0000] "GET /static/main.js HTTP/1.1" 301 38049 "https://news.ycombinator.com/" "Mozilla/5.0 (Macintosh; Intel Mac OS X 10_15_7) AppleWebKit/537.36 (KHTML, like Gecko) Chrome/122.0.0.0 Safari/537.36"
192.168.135.122 - - [15/Mar/2026:04:28:54 +0000] "GET /api/analytics HTTP/1.1" 404 20113 "-" "Mozilla/5.0 (iPhone; CPU iPhone OS 17_4 like Mac OS X) AppleWebKit/605.1.15 (KHTML, like Gecko) Version/17.4 Mobile/15E148 Safari/604.1"
192.168.233.202 - - [15/Mar/2026:04:28:01 +0000] "POST /api/auth/login HTTP/1.1" 200 48993 "https://google.com/" "PostmanRuntime/7.36.1"
192.168.198.75 - - [15/Mar/2026:04:28:08 +0000] "GET /api/orders HTTP/1.1" 302 2931 "https://github.com/" "Mozilla/5.0 (iPhone; CPU iPhone OS 17_4 like Mac OS X) AppleWebKit/605.1.15 (KHTML, like Gecko) Version/17.4 Mobile/15E148 Safari/604.1"
192.168.168.9 - - [15/Mar/2026:04:28:15 +0000] "POST /static/styles.css HTTP/1.1" 404 27068 "https://github.com/" "PostmanRuntime/7.36.1"
192.168.87.146 - - [15/Mar/2026:04:28:22 +0000] "GET /api/products HTTP/1.1" 200 5116 "https://twitter.com/" "curl/8.4.0"
192.168.168.41 - - [15/Mar/2026:04:28:29 +0000] "POST /api/orders HTTP/1.1" 301 28237 "-" "Mozilla/5.0 (iPhone; CPU iPhone OS 17_4 like Mac OS X) AppleWebKit/605.1.15 (KHTML, like Gecko) Version/17.4 Mobile/15E148 Safari/604.1"
192.168.39.116 - - [15/Mar/2026:04:28:36 +0000] "GET /api/orders HTTP/1.1" 200 26461 "-" "Mozilla/5.0 (Windows NT 10.0; Win64; x64; rv:124.0) Gecko/20100101 Firefox/124.0"
192.168.141.168 - - [15/Mar/2026:04:28:43 +0000] "GET /static/styles.css HTTP/1.1" 200 47104 "https://google.com/" "curl/8.4.0"
192.168.216.118 - - [15/Mar/2026:04:29:50 +0000] "DELETE /api/comments HTTP/1.1" 200 37138 "https://github.com/" "curl/8.4.0"
192.168.201.232 - - [15/Mar/2026:04:29:57 +0000] "GET /healthcheck HTTP/1.1" 301 23556 "https://twitter.com/" "Mozilla/5.0 (Windows NT 10.0; Win64; x64; rv:124.0) Gecko/20100101 Firefox/124.0"
192.168.27.24 - - [15/Mar/2026:04:29:04 +0000] "GET /healthcheck HTTP/1.1" 404 39992 "https://news.ycombinator.com/" "curl/8.4.0"
192.168.183.126 - - [15/Mar/2026:04:29:11 +0000] "GET /api/auth/login HTTP/1.1" 404 15241 "-" "PostmanRuntime/7.36.1"
192.168.114.130 - - [15/Mar/2026:04:29:18 +0000] "POST /api/search HTTP/1.1" 200 30158 "https://news.ycombinator.com/" "PostmanRuntime/7.36.1"
192.168.170.130 - - [15/Mar/2026:04:29:25 +0000] "GET /dashboard HTTP/1.1" 200 31898 "https://news.ycombinator.com/" "Mozilla/5.0 (Windows NT 10.0; Win64; x64; rv:124.0) Gecko/20100101 Firefox/124.0"
192.168.39.116 - - [15/Mar/2026:04:29:32 +0000] "GET /api/orders HTTP/1.1" 200 46085 "https://github.com/" "PostmanRuntime/7.36.1"
192.168.237.42 - - [15/Mar/2026:04:29:39 +0000] "PUT /api/orders HTTP/1.1" 200 2324 "https://twitter.com/" "Mozilla/5.0 (Windows NT 10.0; Win64; x64; rv:124.0) Gecko/20100101 Firefox/124.0"
192.168.145.107 - - [15/Mar/2026:04:29:46 +0000] "DELETE /api/search HTTP/1.1" 404 16221 "https://google.com/" "Mozilla/5.0 (iPhone; CPU iPhone OS 17_4 like Mac OS X) AppleWebKit/605.1.15 (KHTML, like Gecko) Version/17.4 Mobile/15E148 Safari/604.1"
192.168.56.103 - - [15/Mar/2026:04:29:53 +0000] "GET /static/main.js HTTP/1.1" 200 29734 "https://news.ycombinator.com/" "curl/8.4.0"
192.168.15.174 - - [15/Mar/2026:05:30:00 +0000] "GET /api/analytics HTTP/1.1" 500 47988 "https://news.ycombinator.com/" "Mozilla/5.0 (Windows NT 10.0; Win64; x64; rv:124.0) Gecko/20100101 Firefox/124.0"
192.168.188.46 - - [15/Mar/2026:05:30:07 +0000] "GET /api/auth/login HTTP/1.1" 200 46243 "https://google.com/" "curl/8.4.0"
192.168.170.130 - - [15/Mar/2026:05:30:14 +0000] "POST /images/logo.png HTTP/1.1" 200 29490 "https://twitter.com/" "Mozilla/5.0 (Macintosh; Intel Mac OS X 10_15_7) AppleWebKit/537.36 (KHTML, like Gecko) Chrome/122.0.0.0 Safari/537.36"
192.168.183.126 - - [15/Mar/2026:05:30:21 +0000] "GET /api/auth/login HTTP/1.1" 200 3764 "https://twitter.com/" "Mozilla/5.0 (Windows NT 10.0; Win64; x64; rv:124.0) Gecko/20100101 Firefox/124.0"
192.168.167.234 - - [15/Mar/2026:05:30:28 +0000] "GET /healthcheck HTTP/1.1" 200 40055 "https://twitter.com/" "PostmanRuntime/7.36.1"
192.168.170.130 - - [15/Mar/2026:05:30:35 +0000] "POST /images/logo.png HTTP/1.1" 404 47127 "-" "Mozilla/5.0 (iPhone; CPU iPhone OS 17_4 like Mac OS X) AppleWebKit/605.1.15 (KHTML, like Gecko) Version/17.4 Mobile/15E148 Safari/604.1"
192.168.159.181 - - [15/Mar/2026:05:30:42 +0000] "POST /api/comments HTTP/1.1" 404 26701 "-" "Mozilla/5.0 (Windows NT 10.0; Win64; x64; rv:124.0) Gecko/20100101 Firefox/124.0"
192.168.45.144 - - [15/Mar/2026:05:30:49 +0000] "GET /api/auth/login HTTP/1.1" 200 20460 "https://github.com/" "curl/8.4.0"
192.168.233.202 - - [15/Mar/2026:05:30:56 +0000] "GET /api/products HTTP/1.1" 200 34483 "https://github.com/" "curl/8.4.0"
192.168.183.126 - - [15/Mar/2026:05:30:03 +0000] "GET /api/auth/login HTTP/1.1" 200 49404 "https://twitter.com/" "Mozilla/5.0 (iPhone; CPU iPhone OS 17_4 like Mac OS X) AppleWebKit/605.1.15 (KHTML, like Gecko) Version/17.4 Mobile/15E148 Safari/604.1"
192.168.27.24 - - [15/Mar/2026:05:31:10 +0000] "DELETE /settings HTTP/1.1" 200 16291 "-" "curl/8.4.0"
192.168.100.131 - - [15/Mar/2026:05:31:17 +0000] "GET /healthcheck HTTP/1.1" 404 28914 "https://news.ycombinator.com/" "curl/8.4.0"
192.168.56.103 - - [15/Mar/2026:05:31:24 +0000] "POST /api/comments HTTP/1.1" 200 9493 "https://google.com/" "PostmanRuntime/7.36.1"
192.168.164.24 - - [15/Mar/2026:05:31:31 +0000] "PUT /images/logo.png HTTP/1.1" 200 47858 "https://google.com/" "Mozilla/5.0 (Windows NT 10.0; Win64; x64; rv:124.0) Gecko/20100101 Firefox/124.0"
192.168.110.238 - - [15/Mar/2026:05:31:38 +0000] "GET /api/notifications HTTP/1.1" 404 32704 "-" "PostmanRuntime/7.36.1"
192.168.95.232 - - [15/Mar/2026:05:31:45 +0000] "DELETE /api/orders HTTP/1.1" 500 36133 "https://google.com/" "Mozilla/5.0 (Windows NT 10.0; Win64; x64; rv:124.0) Gecko/20100101 Firefox/124.0"
192.168.48.100 - - [15/Mar/2026:05:31:52 +0000] "PUT /dashboard HTTP/1.1" 200 764 "https://github.com/" "curl/8.4.0"
192.168.45.144 - - [15/Mar/2026:05:31:59 +0000] "POST / HTTP/1.1" 200 28648 "-" "PostmanRuntime/7.36.1"
192.168.2.189 - - [15/Mar/2026:05:31:06 +0000] "GET /static/main.js HTTP/1.1" 200 47965 "-" "Mozilla/5.0 (iPhone; CPU iPhone OS 17_4 like Mac OS X) AppleWebKit/605.1.15 (KHTML, like Gecko) Version/17.4 Mobile/15E148 Safari/604.1"
192.168.66.128 - - [15/Mar/2026:05:31:13 +0000] "PUT /images/logo.png HTTP/1.1" 301 28111 "https://github.com/" "curl/8.4.0"
192.168.111.113 - - [15/Mar/2026:05:32:20 +0000] "GET /images/logo.png HTTP/1.1" 404 6095 "https://twitter.com/" "Mozilla/5.0 (Windows NT 10.0; Win64; x64; rv:124.0) Gecko/20100101 Firefox/124.0"
192.168.233.202 - - [15/Mar/2026:05:32:27 +0000] "GET /static/styles.css HTTP/1.1" 302 31718 "https://google.com/" "PostmanRuntime/7.36.1"
192.168.48.100 - - [15/Mar/2026:05:32:34 +0000] "GET /images/logo.png HTTP/1.1" 302 33268 "https://news.ycombinator.com/" "PostmanRuntime/7.36.1"
192.168.167.234 - - [15/Mar/2026:05:32:41 +0000] "POST /api/users HTTP/1.1" 200 22924 "-" "curl/8.4.0"
192.168.160.103 - - [15/Mar/2026:05:32:48 +0000] "GET /healthcheck HTTP/1.1" 200 16844 "https://news.ycombinator.com/" "Mozilla/5.0 (Windows NT 10.0; Win64; x64; rv:124.0) Gecko/20100101 Firefox/124.0"
192.168.243.36 - - [15/Mar/2026:05:32:55 +0000] "GET /api/users HTTP/1.1" 200 34161 "https://google.com/" "Mozilla/5.0 (Macintosh; Intel Mac OS X 10_15_7) AppleWebKit/537.36 (KHTML, like Gecko) Chrome/122.0.0.0 Safari/537.36"
192.168.188.46 - - [15/Mar/2026:05:32:02 +0000] "POST /api/products HTTP/1.1" 200 41117 "-" "PostmanRuntime/7.36.1"
192.168.145.107 - - [15/Mar/2026:05:32:09 +0000] "GET /dashboard HTTP/1.1" 302 29439 "-" "PostmanRuntime/7.36.1"
192.168.95.232 - - [15/Mar/2026:05:32:16 +0000] "POST /static/main.js HTTP/1.1" 404 12915 "-" "Mozilla/5.0 (Windows NT 10.0; Win64; x64; rv:124.0) Gecko/20100101 Firefox/124.0"
192.168.237.42 - - [15/Mar/2026:05:32:23 +0000] "GET /api/search HTTP/1.1" 301 23060 "-" "PostmanRuntime/7.36.1"
192.168.237.37 - - [15/Mar/2026:05:33:30 +0000] "PUT /settings HTTP/1.1" 500 12845 "-" "curl/8.4.0"
192.168.233.202 - - [15/Mar/2026:05:33:37 +0000] "GET /settings HTTP/1.1" 200 9770 "https://google.com/" "PostmanRuntime/7.36.1"
192.168.168.41 - - [15/Mar/2026:05:33:44 +0000] "GET /api/search HTTP/1.1" 404 4427 "https://twitter.com/" "Mozilla/5.0 (Macintosh; Intel Mac OS X 10_15_7) AppleWebKit/537.36 (KHTML, like Gecko) Chrome/122.0.0.0 Safari/537.36"
192.168.15.174 - - [15/Mar/2026:05:33:51 +0000] "DELETE /static/main.js HTTP/1.1" 200 23357 "https://news.ycombinator.com/" "PostmanRuntime/7.36.1"
192.168.84.60 - - [15/Mar/2026:05:33:58 +0000] "PUT /healthcheck HTTP/1.1" 200 14750 "-" "Mozilla/5.0 (Windows NT 10.0; Win64; x64; rv:124.0) Gecko/20100101 Firefox/124.0"
192.168.135.122 - - [15/Mar/2026:05:33:05 +0000] "PUT /api/analytics HTTP/1.1" 301 23286 "https://github.com/" "Mozilla/5.0 (Macintosh; Intel Mac OS X 10_15_7) AppleWebKit/537.36 (KHTML, like Gecko) Chrome/122.0.0.0 Safari/537.36"
192.168.218.19 - - [15/Mar/2026:05:33:12 +0000] "DELETE /settings HTTP/1.1" 200 32437 "-" "Mozilla/5.0 (Windows NT 10.0; Win64; x64; rv:124.0) Gecko/20100101 Firefox/124.0"
192.168.237.42 - - [15/Mar/2026:05:33:19 +0000] "GET /static/styles.css HTTP/1.1" 200 38838 "https://news.ycombinator.com/" "Mozilla/5.0 (Macintosh; Intel Mac OS X 10_15_7) AppleWebKit/537.36 (KHTML, like Gecko) Chrome/122.0.0.0 Safari/537.36"
192.168.191.176 - - [15/Mar/2026:05:33:26 +0000] "PUT /api/users HTTP/1.1" 200 1895 "https://twitter.com/" "Mozilla/5.0 (iPhone; CPU iPhone OS 17_4 like Mac OS X) AppleWebKit/605.1.15 (KHTML, like Gecko) Version/17.4 Mobile/15E148 Safari/604.1"
192.168.251.213 - - [15/Mar/2026:05:33:33 +0000] "GET /api/auth/login HTTP/1.1" 302 30956 "https://news.ycombinator.com/" "Mozilla/5.0 (Macintosh; Intel Mac OS X 10_15_7) AppleWebKit/537.36 (KHTML, like Gecko) Chrome/122.0.0.0 Safari/537.36"
192.168.56.87 - - [15/Mar/2026:05:34:40 +0000] "DELETE /api/search HTTP/1.1" 404 35162 "https://twitter.com/" "Mozilla/5.0 (Windows NT 10.0; Win64; x64; rv:124.0) Gecko/20100101 Firefox/124.0"
192.168.218.19 - - [15/Mar/2026:05:34:47 +0000] "POST /api/users HTTP/1.1" 200 2507 "https://google.com/" "curl/8.4.0"
192.168.164.24 - - [15/Mar/2026:05:34:54 +0000] "GET /api/auth/login HTTP/1.1" 301 5164 "https://github.com/" "curl/8.4.0"
192.168.52.226 - - [15/Mar/2026:05:34:01 +0000] "GET /healthcheck HTTP/1.1" 200 4118 "https://news.ycombinator.com/" "Mozilla/5.0 (Windows NT 10.0; Win64; x64; rv:124.0) Gecko/20100101 Firefox/124.0"
192.168.212.177 - - [15/Mar/2026:05:34:08 +0000] "GET /api/analytics HTTP/1.1" 500 21346 "https://news.ycombinator.com/" "Mozilla/5.0 (Windows NT 10.0; Win64; x64; rv:124.0) Gecko/20100101 Firefox/124.0"
192.168.110.238 - - [15/Mar/2026:05:34:15 +0000] "GET /api/analytics HTTP/1.1" 302 27710 "https://news.ycombinator.com/" "Mozilla/5.0 (Windows NT 10.0; Win64; x64; rv:124.0) Gecko/20100101 Firefox/124.0"
192.168.56.103 - - [15/Mar/2026:05:34:22 +0000] "PUT /api/products HTTP/1.1" 200 10051 "https://news.ycombinator.com/" "Mozilla/5.0 (Macintosh; Intel Mac OS X 10_15_7) AppleWebKit/537.36 (KHTML, like Gecko) Chrome/122.0.0.0 Safari/537.36"
192.168.45.144 - - [15/Mar/2026:05:34:29 +0000] "PUT /dashboard HTTP/1.1" 500 12662 "https://github.com/" "PostmanRuntime/7.36.1"
192.168.167.234 - - [15/Mar/2026:05:34:36 +0000] "POST /api/search HTTP/1.1" 500 34715 "https://github.com/" "Mozilla/5.0 (Windows NT 10.0; Win64; x64; rv:124.0) Gecko/20100101 Firefox/124.0"
192.168.22.170 - - [15/Mar/2026:05:34:43 +0000] "DELETE /api/comments HTTP/1.1" 404 28000 "-" "PostmanRuntime/7.36.1"
192.168.56.103 - - [15/Mar/2026:05:35:50 +0000] "POST /images/logo.png HTTP/1.1" 404 18472 "https://github.com/" "Mozilla/5.0 (Macintosh; Intel Mac OS X 10_15_7) AppleWebKit/537.36 (KHTML, like Gecko) Chrome/122.0.0.0 Safari/537.36"
192.168.160.103 - - [15/Mar/2026:05:35:57 +0000] "GET /images/logo.png HTTP/1.1" 404 41104 "-" "Mozilla/5.0 (iPhone; CPU iPhone OS 17_4 like Mac OS X) AppleWebKit/605.1.15 (KHTML, like Gecko) Version/17.4 Mobile/15E148 Safari/604.1"
192.168.188.46 - - [15/Mar/2026:05:35:04 +0000] "GET /api/users HTTP/1.1" 200 47360 "https://twitter.com/" "Mozilla/5.0 (Macintosh; Intel Mac OS X 10_15_7) AppleWebKit/537.36 (KHTML, like Gecko) Chrome/122.0.0.0 Safari/537.36"
192.168.56.103 - - [15/Mar/2026:05:35:11 +0000] "GET / HTTP/1.1" 404 13735 "https://google.com/" "PostmanRuntime/7.36.1"
192.168.168.41 - - [15/Mar/2026:05:35:18 +0000] "POST / HTTP/1.1" 200 15554 "https://twitter.com/" "Mozilla/5.0 (Macintosh; Intel Mac OS X 10_15_7) AppleWebKit/537.36 (KHTML, like Gecko) Chrome/122.0.0.0 Safari/537.36"
192.168.212.177 - - [15/Mar/2026:05:35:25 +0000] "GET /api/products HTTP/1.1" 200 46012 "https://google.com/" "Mozilla/5.0 (iPhone; CPU iPhone OS 17_4 like Mac OS X) AppleWebKit/605.1.15 (KHTML, like Gecko) Version/17.4 Mobile/15E148 Safari/604.1"
192.168.216.118 - - [15/Mar/2026:05:35:32 +0000] "DELETE /api/users HTTP/1.1" 200 20263 "https://news.ycombinator.com/" "PostmanRuntime/7.36.1"
192.168.45.144 - - [15/Mar/2026:05:35:39 +0000] "GET /static/main.js HTTP/1.1" 200 18716 "https://twitter.com/" "PostmanRuntime/7.36.1"
192.168.84.60 - - [15/Mar/2026:05:35:46 +0000] "POST /api/analytics HTTP/1.1" 404 2880 "https://twitter.com/" "PostmanRuntime/7.36.1"
192.168.2.189 - - [15/Mar/2026:05:35:53 +0000] "DELETE /api/search HTTP/1.1" 404 4650 "-" "Mozilla/5.0 (Windows NT 10.0; Win64; x64; rv:124.0) Gecko/20100101 Firefox/124.0"
192.168.78.66 - - [15/Mar/2026:06:36:00 +0000] "POST /images/logo.png HTTP/1.1" 404 47473 "https://twitter.com/" "Mozilla/5.0 (Windows NT 10.0; Win64; x64; rv:124.0) Gecko/20100101 Firefox/124.0"
192.168.95.232 - - [15/Mar/2026:06:36:07 +0000] "GET /api/auth/login HTTP/1.1" 200 20143 "https://google.com/" "PostmanRuntime/7.36.1"
192.168.233.202 - - [15/Mar/2026:06:36:14 +0000] "PUT /api/analytics HTTP/1.1" 302 49351 "-" "Mozilla/5.0 (iPhone; CPU iPhone OS 17_4 like Mac OS X) AppleWebKit/605.1.15 (KHTML, like Gecko) Version/17.4 Mobile/15E148 Safari/604.1"
192.168.141.168 - - [15/Mar/2026:06:36:21 +0000] "GET /api/auth/login HTTP/1.1" 200 13447 "https://twitter.com/" "PostmanRuntime/7.36.1"
192.168.201.232 - - [15/Mar/2026:06:36:28 +0000] "GET /dashboard HTTP/1.1" 200 37096 "https://google.com/" "Mozilla/5.0 (Windows NT 10.0; Win64; x64; rv:124.0) Gecko/20100101 Firefox/124.0"
192.168.141.168 - - [15/Mar/2026:06:36:35 +0000] "GET /healthcheck HTTP/1.1" 500 5893 "https://news.ycombinator.com/" "Mozilla/5.0 (iPhone; CPU iPhone OS 17_4 like Mac OS X) AppleWebKit/605.1.15 (KHTML, like Gecko) Version/17.4 Mobile/15E148 Safari/604.1"
192.168.243.36 - - [15/Mar/2026:06:36:42 +0000] "GET /images/logo.png HTTP/1.1" 302 9967 "https://google.com/" "Mozilla/5.0 (Windows NT 10.0; Win64; x64; rv:124.0) Gecko/20100101 Firefox/124.0"
192.168.141.168 - - [15/Mar/2026:06:36:49 +0000] "GET /api/notifications HTTP/1.1" 200 27195 "https://google.com/" "curl/8.4.0"
192.168.212.177 - - [15/Mar/2026:06:36:56 +0000] "GET /api/users HTTP/1.1" 200 27485 "-" "PostmanRuntime/7.36.1"
192.168.135.122 - - [15/Mar/2026:06:36:03 +0000] "GET /api/search HTTP/1.1" 301 11700 "https://twitter.com/" "curl/8.4.0"
192.168.78.66 - - [15/Mar/2026:06:37:10 +0000] "GET /api/users HTTP/1.1" 500 17173 "https://news.ycombinator.com/" "curl/8.4.0"
192.168.110.238 - - [15/Mar/2026:06:37:17 +0000] "POST /api/products HTTP/1.1" 200 22094 "https://news.ycombinator.com/" "PostmanRuntime/7.36.1"
192.168.95.232 - - [15/Mar/2026:06:37:24 +0000] "GET / HTTP/1.1" 500 23455 "https://news.ycombinator.com/" "PostmanRuntime/7.36.1"
192.168.45.144 - - [15/Mar/2026:06:37:31 +0000] "GET /images/logo.png HTTP/1.1" 302 44199 "https://news.ycombinator.com/" "Mozilla/5.0 (iPhone; CPU iPhone OS 17_4 like Mac OS X) AppleWebKit/605.1.15 (KHTML, like Gecko) Version/17.4 Mobile/15E148 Safari/604.1"
192.168.95.232 - - [15/Mar/2026:06:37:38 +0000] "PUT /api/users HTTP/1.1" 500 31802 "https://twitter.com/" "Mozilla/5.0 (Windows NT 10.0; Win64; x64; rv:124.0) Gecko/20100101 Firefox/124.0"
192.168.56.87 - - [15/Mar/2026:06:37:45 +0000] "POST /api/orders HTTP/1.1" 200 5789 "https://news.ycombinator.com/" "Mozilla/5.0 (iPhone; CPU iPhone OS 17_4 like Mac OS X) AppleWebKit/605.1.15 (KHTML, like Gecko) Version/17.4 Mobile/15E148 Safari/604.1"
192.168.135.122 - - [15/Mar/2026:06:37:52 +0000] "GET /api/orders HTTP/1.1" 200 3501 "https://news.ycombinator.com/" "Mozilla/5.0 (Macintosh; Intel Mac OS X 10_15_7) AppleWebKit/537.36 (KHTML, like Gecko) Chrome/122.0.0.0 Safari/537.36"
192.168.39.116 - - [15/Mar/2026:06:37:59 +0000] "GET /api/comments HTTP/1.1" 404 17500 "https://twitter.com/" "curl/8.4.0"
192.168.111.113 - - [15/Mar/2026:06:37:06 +0000] "GET /images/logo.png HTTP/1.1" 200 7978 "https://google.com/" "curl/8.4.0"
192.168.2.189 - - [15/Mar/2026:06:37:13 +0000] "DELETE /static/styles.css HTTP/1.1" 301 26801 "https://google.com/" "Mozilla/5.0 (Macintosh; Intel Mac OS X 10_15_7) AppleWebKit/537.36 (KHTML, like Gecko) Chrome/122.0.0.0 Safari/537.36"
192.168.170.130 - - [15/Mar/2026:06:38:20 +0000] "DELETE / HTTP/1.1" 200 47588 "https://twitter.com/" "PostmanRuntime/7.36.1"
192.168.87.146 - - [15/Mar/2026:06:38:27 +0000] "GET /dashboard HTTP/1.1" 404 33262 "https://twitter.com/" "Mozilla/5.0 (Windows NT 10.0; Win64; x64; rv:124.0) Gecko/20100101 Firefox/124.0"
192.168.111.113 - - [15/Mar/2026:06:38:34 +0000] "GET /static/main.js HTTP/1.1" 200 41976 "https://twitter.com/" "Mozilla/5.0 (Macintosh; Intel Mac OS X 10_15_7) AppleWebKit/537.36 (KHTML, like Gecko) Chrome/122.0.0.0 Safari/537.36"
192.168.243.36 - - [15/Mar/2026:06:38:41 +0000] "GET /static/styles.css HTTP/1.1" 301 37247 "https://github.com/" "Mozilla/5.0 (iPhone; CPU iPhone OS 17_4 like Mac OS X) AppleWebKit/605.1.15 (KHTML, like Gecko) Version/17.4 Mobile/15E148 Safari/604.1"
192.168.63.191 - - [15/Mar/2026:06:38:48 +0000] "GET /api/auth/login HTTP/1.1" 200 636 "https://twitter.com/" "Mozilla/5.0 (Macintosh; Intel Mac OS X 10_15_7) AppleWebKit/537.36 (KHTML, like Gecko) Chrome/122.0.0.0 Safari/537.36"
192.168.66.128 - - [15/Mar/2026:06:38:55 +0000] "POST /static/main.js HTTP/1.1" 200 12637 "https://news.ycombinator.com/" "PostmanRuntime/7.36.1"
192.168.145.107 - - [15/Mar/2026:06:38:02 +0000] "GET /api/analytics HTTP/1.1" 200 38260 "https://twitter.com/" "Mozilla/5.0 (Windows NT 10.0; Win64; x64; rv:124.0) Gecko/20100101 Firefox/124.0"
192.168.35.176 - - [15/Mar/2026:06:38:09 +0000] "GET /api/comments HTTP/1.1" 500 1282 "-" "curl/8.4.0"
192.168.145.107 - - [15/Mar/2026:06:38:16 +0000] "GET /images/logo.png HTTP/1.1" 200 10956 "https://github.com/" "Mozilla/5.0 (iPhone; CPU iPhone OS 17_4 like Mac OS X) AppleWebKit/605.1.15 (KHTML, like Gecko) Version/17.4 Mobile/15E148 Safari/604.1"
192.168.237.42 - - [15/Mar/2026:06:38:23 +0000] "DELETE /static/styles.css HTTP/1.1" 302 19819 "https://github.com/" "Mozilla/5.0 (iPhone; CPU iPhone OS 17_4 like Mac OS X) AppleWebKit/605.1.15 (KHTML, like Gecko) Version/17.4 Mobile/15E148 Safari/604.1"
192.168.185.26 - - [15/Mar/2026:06:39:30 +0000] "GET /dashboard HTTP/1.1" 404 6242 "https://twitter.com/" "PostmanRuntime/7.36.1"
192.168.164.24 - - [15/Mar/2026:06:39:37 +0000] "POST /healthcheck HTTP/1.1" 404 15014 "https://google.com/" "Mozilla/5.0 (Macintosh; Intel Mac OS X 10_15_7) AppleWebKit/537.36 (KHTML, like Gecko) Chrome/122.0.0.0 Safari/537.36"
192.168.201.232 - - [15/Mar/2026:06:39:44 +0000] "PUT /settings HTTP/1.1" 200 48123 "-" "Mozilla/5.0 (iPhone; CPU iPhone OS 17_4 like Mac OS X) AppleWebKit/605.1.15 (KHTML, like Gecko) Version/17.4 Mobile/15E148 Safari/604.1"
192.168.52.226 - - [15/Mar/2026:06:39:51 +0000] "GET /api/auth/login HTTP/1.1" 200 12007 "https://google.com/" "Mozilla/5.0 (iPhone; CPU iPhone OS 17_4 like Mac OS X) AppleWebKit/605.1.15 (KHTML, like Gecko) Version/17.4 Mobile/15E148 Safari/604.1"
192.168.170.130 - - [15/Mar/2026:06:39:58 +0000] "GET /static/main.js HTTP/1.1" 301 48053 "https://github.com/" "Mozilla/5.0 (iPhone; CPU iPhone OS 17_4 like Mac OS X) AppleWebKit/605.1.15 (KHTML, like Gecko) Version/17.4 Mobile/15E148 Safari/604.1"
192.168.198.75 - - [15/Mar/2026:06:39:05 +0000] "GET /dashboard HTTP/1.1" 404 29502 "-" "Mozilla/5.0 (Windows NT 10.0; Win64; x64; rv:124.0) Gecko/20100101 Firefox/124.0"
192.168.135.122 - - [15/Mar/2026:06:39:12 +0000] "GET /images/logo.png HTTP/1.1" 200 47779 "https://twitter.com/" "Mozilla/5.0 (Macintosh; Intel Mac OS X 10_15_7) AppleWebKit/537.36 (KHTML, like Gecko) Chrome/122.0.0.0 Safari/537.36"
192.168.114.130 - - [15/Mar/2026:06:39:19 +0000] "GET /static/main.js HTTP/1.1" 301 21892 "https://github.com/" "Mozilla/5.0 (iPhone; CPU iPhone OS 17_4 like Mac OS X) AppleWebKit/605.1.15 (KHTML, like Gecko) Version/17.4 Mobile/15E148 Safari/604.1"
192.168.95.232 - - [15/Mar/2026:06:39:26 +0000] "GET /static/main.js HTTP/1.1" 200 39857 "https://twitter.com/" "Mozilla/5.0 (iPhone; CPU iPhone OS 17_4 like Mac OS X) AppleWebKit/605.1.15 (KHTML, like Gecko) Version/17.4 Mobile/15E148 Safari/604.1"
192.168.2.189 - - [15/Mar/2026:06:39:33 +0000] "POST /api/orders HTTP/1.1" 404 6237 "https://news.ycombinator.com/" "Mozilla/5.0 (Macintosh; Intel Mac OS X 10_15_7) AppleWebKit/537.36 (KHTML, like Gecko) Chrome/122.0.0.0 Safari/537.36"
192.168.251.213 - - [15/Mar/2026:06:40:40 +0000] "POST /api/auth/login HTTP/1.1" 404 31156 "https://news.ycombinator.com/" "PostmanRuntime/7.36.1"
192.168.243.36 - - [15/Mar/2026:06:40:47 +0000] "GET /settings HTTP/1.1" 404 11730 "https://news.ycombinator.com/" "curl/8.4.0"
192.168.251.213 - - [15/Mar/2026:06:40:54 +0000] "GET /api/orders HTTP/1.1" 200 36339 "-" "Mozilla/5.0 (Macintosh; Intel Mac OS X 10_15_7) AppleWebKit/537.36 (KHTML, like Gecko) Chrome/122.0.0.0 Safari/537.36"
192.168.27.24 - - [15/Mar/2026:06:40:01 +0000] "GET /healthcheck HTTP/1.1" 404 34926 "-" "Mozilla/5.0 (iPhone; CPU iPhone OS 17_4 like Mac OS X) AppleWebKit/605.1.15 (KHTML, like Gecko) Version/17.4 Mobile/15E148 Safari/604.1"
192.168.237.42 - - [15/Mar/2026:06:40:08 +0000] "GET /api/users HTTP/1.1" 200 40415 "https://google.com/" "Mozilla/5.0 (iPhone; CPU iPhone OS 17_4 like Mac OS X) AppleWebKit/605.1.15 (KHTML, like Gecko) Version/17.4 Mobile/15E148 Safari/604.1"
192.168.188.46 - - [15/Mar/2026:06:40:15 +0000] "DELETE /healthcheck HTTP/1.1" 200 45014 "https://twitter.com/" "Mozilla/5.0 (Macintosh; Intel Mac OS X 10_15_7) AppleWebKit/537.36 (KHTML, like Gecko) Chrome/122.0.0.0 Safari/537.36"
192.168.22.170 - - [15/Mar/2026:06:40:22 +0000] "GET /api/users HTTP/1.1" 200 28584 "-" "Mozilla/5.0 (Macintosh; Intel Mac OS X 10_15_7) AppleWebKit/537.36 (KHTML, like Gecko) Chrome/122.0.0.0 Safari/537.36"
192.168.170.130 - - [15/Mar/2026:06:40:29 +0000] "GET /dashboard HTTP/1.1" 302 18003 "https://google.com/" "curl/8.4.0"
192.168.95.232 - - [15/Mar/2026:06:40:36 +0000] "GET /images/logo.png HTTP/1.1" 500 48037 "https://news.ycombinator.com/" "Mozilla/5.0 (Macintosh; Intel Mac OS X 10_15_7) AppleWebKit/537.36 (KHTML, like Gecko) Chrome/122.0.0.0 Safari/537.36"
192.168.56.103 - - [15/Mar/2026:06:40:43 +0000] "GET /api/users HTTP/1.1" 302 38151 "https://twitter.com/" "Mozilla/5.0 (Macintosh; Intel Mac OS X 10_15_7) AppleWebKit/537.36 (KHTML, like Gecko) Chrome/122.0.0.0 Safari/537.36"
192.168.135.122 - - [15/Mar/2026:06:41:50 +0000] "POST /static/main.js HTTP/1.1" 301 40661 "-" "curl/8.4.0"
192.168.160.103 - - [15/Mar/2026:06:41:57 +0000] "GET /healthcheck HTTP/1.1" 200 27931 "https://github.com/" "curl/8.4.0"
192.168.183.126 - - [15/Mar/2026:06:41:04 +0000] "GET /api/auth/login HTTP/1.1" 301 10014 "https://news.ycombinator.com/" "curl/8.4.0"
192.168.56.103 - - [15/Mar/2026:06:41:11 +0000] "GET /static/main.js HTTP/1.1" 404 9584 "https://google.com/" "Mozilla/5.0 (iPhone; CPU iPhone OS 17_4 like Mac OS X) AppleWebKit/605.1.15 (KHTML, like Gecko) Version/17.4 Mobile/15E148 Safari/604.1"
192.168.15.174 - - [15/Mar/2026:06:41:18 +0000] "DELETE /api/notifications HTTP/1.1" 404 44951 "-" "Mozilla/5.0 (Macintosh; Intel Mac OS X 10_15_7) AppleWebKit/537.36 (KHTML, like Gecko) Chrome/122.0.0.0 Safari/537.36"
192.168.188.46 - - [15/Mar/2026:06:41:25 +0000] "GET /images/logo.png HTTP/1.1" 200 38225 "-" "Mozilla/5.0 (Windows NT 10.0; Win64; x64; rv:124.0) Gecko/20100101 Firefox/124.0"
192.168.243.36 - - [15/Mar/2026:06:41:32 +0000] "PUT /images/logo.png HTTP/1.1" 200 3059 "https://github.com/" "PostmanRuntime/7.36.1"
192.168.22.170 - - [15/Mar/2026:06:41:39 +0000] "POST /dashboard HTTP/1.1" 200 48763 "https://twitter.com/" "Mozilla/5.0 (iPhone; CPU iPhone OS 17_4 like Mac OS X) AppleWebKit/605.1.15 (KHTML, like Gecko) Version/17.4 Mobile/15E148 Safari/604.1"
192.168.218.19 - - [15/Mar/2026:06:41:46 +0000] "GET /api/orders HTTP/1.1" 302 37024 "-" "Mozilla/5.0 (iPhone; CPU iPhone OS 17_4 like Mac OS X) AppleWebKit/605.1.15 (KHTML, like Gecko) Version/17.4 Mobile/15E148 Safari/604.1"
192.168.135.122 - - [15/Mar/2026:06:41:53 +0000] "DELETE /api/users HTTP/1.1" 404 11272 "https://google.com/" "Mozilla/5.0 (Windows NT 10.0; Win64; x64; rv:124.0) Gecko/20100101 Firefox/124.0"
192.168.110.238 - - [15/Mar/2026:07:42:00 +0000] "GET /api/users HTTP/1.1" 301 36592 "https://news.ycombinator.com/" "Mozilla/5.0 (Macintosh; Intel Mac OS X 10_15_7) AppleWebKit/537.36 (KHTML, like Gecko) Chrome/122.0.0.0 Safari/537.36"
192.168.110.238 - - [15/Mar/2026:07:42:07 +0000] "POST /api/auth/login HTTP/1.1" 302 9360 "https://twitter.com/" "Mozilla/5.0 (Macintosh; Intel Mac OS X 10_15_7) AppleWebKit/537.36 (KHTML, like Gecko) Chrome/122.0.0.0 Safari/537.36"
192.168.183.126 - - [15/Mar/2026:07:42:14 +0000] "POST /api/comments HTTP/1.1" 500 18515 "https://news.ycombinator.com/" "Mozilla/5.0 (Windows NT 10.0; Win64; x64; rv:124.0) Gecko/20100101 Firefox/124.0"
192.168.183.126 - - [15/Mar/2026:07:42:21 +0000] "POST /api/analytics HTTP/1.1" 301 1191 "https://twitter.com/" "Mozilla/5.0 (Macintosh; Intel Mac OS X 10_15_7) AppleWebKit/537.36 (KHTML, like Gecko) Chrome/122.0.0.0 Safari/537.36"
192.168.95.232 - - [15/Mar/2026:07:42:28 +0000] "PUT /images/logo.png HTTP/1.1" 301 44697 "-" "PostmanRuntime/7.36.1"
192.168.164.24 - - [15/Mar/2026:07:42:35 +0000] "GET / HTTP/1.1" 200 49867 "https://twitter.com/" "PostmanRuntime/7.36.1"
192.168.15.152 - - [15/Mar/2026:07:42:42 +0000] "GET /api/users HTTP/1.1" 200 13248 "https://twitter.com/" "Mozilla/5.0 (iPhone; CPU iPhone OS 17_4 like Mac OS X) AppleWebKit/605.1.15 (KHTML, like Gecko) Version/17.4 Mobile/15E148 Safari/604.1"
192.168.15.174 - - [15/Mar/2026:07:42:49 +0000] "GET /api/notifications HTTP/1.1" 200 36437 "https://google.com/" "Mozilla/5.0 (Windows NT 10.0; Win64; x64; rv:124.0) Gecko/20100101 Firefox/124.0"
192.168.181.161 - - [15/Mar/2026:07:42:56 +0000] "GET /images/logo.png HTTP/1.1" 404 1573 "https://twitter.com/" "Mozilla/5.0 (Windows NT 10.0; Win64; x64; rv:124.0) Gecko/20100101 Firefox/124.0"
192.168.48.100 - - [15/Mar/2026:07:42:03 +0000] "GET /api/auth/login HTTP/1.1" 200 24711 "-" "curl/8.4.0"
192.168.56.87 - - [15/Mar/2026:07:43:10 +0000] "PUT /dashboard HTTP/1.1" 500 6758 "https://github.com/" "Mozilla/5.0 (iPhone; CPU iPhone OS 17_4 like Mac OS X) AppleWebKit/605.1.15 (KHTML, like Gecko) Version/17.4 Mobile/15E148 Safari/604.1"
192.168.233.202 - - [15/Mar/2026:07:43:17 +0000] "PUT /static/styles.css HTTP/1.1" 200 36474 "https://github.com/" "PostmanRuntime/7.36.1"
192.168.168.9 - - [15/Mar/2026:07:43:24 +0000] "POST /api/search HTTP/1.1" 500 39854 "https://twitter.com/" "curl/8.4.0"
192.168.15.152 - - [15/Mar/2026:07:43:31 +0000] "GET /static/main.js HTTP/1.1" 200 1025 "https://twitter.com/" "Mozilla/5.0 (Windows NT 10.0; Win64; x64; rv:124.0) Gecko/20100101 Firefox/124.0"
192.168.175.47 - - [15/Mar/2026:07:43:38 +0000] "GET /api/orders HTTP/1.1" 200 44886 "https://google.com/" "Mozilla/5.0 (Windows NT 10.0; Win64; x64; rv:124.0) Gecko/20100101 Firefox/124.0"
192.168.35.176 - - [15/Mar/2026:07:43:45 +0000] "GET /api/products HTTP/1.1" 404 46108 "-" "Mozilla/5.0 (Macintosh; Intel Mac OS X 10_15_7) AppleWebKit/537.36 (KHTML, like Gecko) Chrome/122.0.0.0 Safari/537.36"
192.168.188.46 - - [15/Mar/2026:07:43:52 +0000] "GET /images/logo.png HTTP/1.1" 200 29440 "-" "Mozilla/5.0 (Windows NT 10.0; Win64; x64; rv:124.0) Gecko/20100101 Firefox/124.0"
192.168.48.100 - - [15/Mar/2026:07:43:59 +0000] "POST /static/styles.css HTTP/1.1" 500 49933 "https://twitter.com/" "Mozilla/5.0 (Windows NT 10.0; Win64; x64; rv:124.0) Gecko/20100101 Firefox/124.0"
192.168.2.189 - - [15/Mar/2026:07:43:06 +0000] "PUT /api/notifications HTTP/1.1" 200 37098 "https://twitter.com/" "Mozilla/5.0 (iPhone; CPU iPhone OS 17_4 like Mac OS X) AppleWebKit/605.1.15 (KHTML, like Gecko) Version/17.4 Mobile/15E148 Safari/604.1"
192.168.114.130 - - [15/Mar/2026:07:43:13 +0000] "POST /healthcheck HTTP/1.1" 200 33549 "https://github.com/" "PostmanRuntime/7.36.1"
192.168.95.232 - - [15/Mar/2026:07:44:20 +0000] "GET /api/analytics HTTP/1.1" 200 46718 "https://google.com/" "PostmanRuntime/7.36.1"
192.168.251.213 - - [15/Mar/2026:07:44:27 +0000] "GET /api/users HTTP/1.1" 200 25274 "https://google.com/" "curl/8.4.0"
192.168.145.107 - - [15/Mar/2026:07:44:34 +0000] "PUT / HTTP/1.1" 200 41382 "https://google.com/" "Mozilla/5.0 (iPhone; CPU iPhone OS 17_4 like Mac OS X) AppleWebKit/605.1.15 (KHTML, like Gecko) Version/17.4 Mobile/15E148 Safari/604.1"
192.168.100.131 - - [15/Mar/2026:07:44:41 +0000] "GET /images/logo.png HTTP/1.1" 200 33790 "https://twitter.com/" "Mozilla/5.0 (Macintosh; Intel Mac OS X 10_15_7) AppleWebKit/537.36 (KHTML, like Gecko) Chrome/122.0.0.0 Safari/537.36"
192.168.52.226 - - [15/Mar/2026:07:44:48 +0000] "GET /static/main.js HTTP/1.1" 302 1188 "https://news.ycombinator.com/" "Mozilla/5.0 (Macintosh; Intel Mac OS X 10_15_7) AppleWebKit/537.36 (KHTML, like Gecko) Chrome/122.0.0.0 Safari/537.36"
192.168.56.87 - - [15/Mar/2026:07:44:55 +0000] "POST / HTTP/1.1" 200 15955 "-" "Mozilla/5.0 (Macintosh; Intel Mac OS X 10_15_7) AppleWebKit/537.36 (KHTML, like Gecko) Chrome/122.0.0.0 Safari/537.36"
192.168.141.168 - - [15/Mar/2026:07:44:02 +0000] "PUT / HTTP/1.1" 200 20944 "https://google.com/" "Mozilla/5.0 (iPhone; CPU iPhone OS 17_4 like Mac OS X) AppleWebKit/605.1.15 (KHTML, like Gecko) Version/17.4 Mobile/15E148 Safari/604.1"
192.168.15.174 - - [15/Mar/2026:07:44:09 +0000] "GET /api/comments HTTP/1.1" 404 48677 "-" "Mozilla/5.0 (Macintosh; Intel Mac OS X 10_15_7) AppleWebKit/537.36 (KHTML, like Gecko) Chrome/122.0.0.0 Safari/537.36"
192.168.45.144 - - [15/Mar/2026:07:44:16 +0000] "GET /images/logo.png HTTP/1.1" 301 13829 "https://github.com/" "Mozilla/5.0 (Windows NT 10.0; Win64; x64; rv:124.0) Gecko/20100101 Firefox/124.0"
192.168.110.238 - - [15/Mar/2026:07:44:23 +0000] "POST /static/main.js HTTP/1.1" 200 9374 "https://github.com/" "Mozilla/5.0 (Macintosh; Intel Mac OS X 10_15_7) AppleWebKit/537.36 (KHTML, like Gecko) Chrome/122.0.0.0 Safari/537.36"
192.168.243.36 - - [15/Mar/2026:07:45:30 +0000] "DELETE /static/main.js HTTP/1.1" 404 4529 "https://google.com/" "curl/8.4.0"
192.168.183.126 - - [15/Mar/2026:07:45:37 +0000] "GET /static/styles.css HTTP/1.1" 200 35314 "-" "Mozilla/5.0 (Windows NT 10.0; Win64; x64; rv:124.0) Gecko/20100101 Firefox/124.0"
192.168.10.67 - - [15/Mar/2026:07:45:44 +0000] "GET /static/main.js HTTP/1.1" 200 20998 "https://news.ycombinator.com/" "Mozilla/5.0 (Windows NT 10.0; Win64; x64; rv:124.0) Gecko/20100101 Firefox/124.0"
192.168.15.152 - - [15/Mar/2026:07:45:51 +0000] "GET /api/comments HTTP/1.1" 200 31290 "https://twitter.com/" "Mozilla/5.0 (iPhone; CPU iPhone OS 17_4 like Mac OS X) AppleWebKit/605.1.15 (KHTML, like Gecko) Version/17.4 Mobile/15E148 Safari/604.1"
192.168.78.66 - - [15/Mar/2026:07:45:58 +0000] "POST /api/search HTTP/1.1" 500 36780 "https://twitter.com/" "PostmanRuntime/7.36.1"
192.168.181.161 - - [15/Mar/2026:07:45:05 +0000] "PUT /images/logo.png HTTP/1.1" 200 43202 "https://github.com/" "Mozilla/5.0 (Macintosh; Intel Mac OS X 10_15_7) AppleWebKit/537.36 (KHTML, like Gecko) Chrome/122.0.0.0 Safari/537.36"
192.168.185.26 - - [15/Mar/2026:07:45:12 +0000] "GET /settings HTTP/1.1" 200 19655 "https://github.com/" "curl/8.4.0"
192.168.22.170 - - [15/Mar/2026:07:45:19 +0000] "GET /static/styles.css HTTP/1.1" 302 20609 "https://github.com/" "Mozilla/5.0 (Macintosh; Intel Mac OS X 10_15_7) AppleWebKit/537.36 (KHTML, like Gecko) Chrome/122.0.0.0 Safari/537.36"
192.168.168.9 - - [15/Mar/2026:07:45:26 +0000] "GET /dashboard HTTP/1.1" 200 22828 "-" "Mozilla/5.0 (Macintosh; Intel Mac OS X 10_15_7) AppleWebKit/537.36 (KHTML, like Gecko) Chrome/122.0.0.0 Safari/537.36"
192.168.218.19 - - [15/Mar/2026:07:45:33 +0000] "POST /api/products HTTP/1.1" 500 36564 "https://twitter.com/" "Mozilla/5.0 (iPhone; CPU iPhone OS 17_4 like Mac OS X) AppleWebKit/605.1.15 (KHTML, like Gecko) Version/17.4 Mobile/15E148 Safari/604.1"
192.168.52.226 - - [15/Mar/2026:07:46:40 +0000] "GET / HTTP/1.1" 200 34918 "https://github.com/" "curl/8.4.0"
192.168.39.116 - - [15/Mar/2026:07:46:47 +0000] "GET / HTTP/1.1" 500 26876 "-" "Mozilla/5.0 (Macintosh; Intel Mac OS X 10_15_7) AppleWebKit/537.36 (KHTML, like Gecko) Chrome/122.0.0.0 Safari/537.36"
192.168.216.118 - - [15/Mar/2026:07:46:54 +0000] "GET /api/comments HTTP/1.1" 200 2938 "https://twitter.com/" "Mozilla/5.0 (Macintosh; Intel Mac OS X 10_15_7) AppleWebKit/537.36 (KHTML, like Gecko) Chrome/122.0.0.0 Safari/537.36"
192.168.168.41 - - [15/Mar/2026:07:46:01 +0000] "GET /images/logo.png HTTP/1.1" 302 23982 "-" "Mozilla/5.0 (iPhone; CPU iPhone OS 17_4 like Mac OS X) AppleWebKit/605.1.15 (KHTML, like Gecko) Version/17.4 Mobile/15E148 Safari/604.1"
192.168.237.37 - - [15/Mar/2026:07:46:08 +0000] "GET /healthcheck HTTP/1.1" 200 39950 "https://github.com/" "Mozilla/5.0 (Windows NT 10.0; Win64; x64; rv:124.0) Gecko/20100101 Firefox/124.0"
192.168.35.176 - - [15/Mar/2026:07:46:15 +0000] "GET /healthcheck HTTP/1.1" 200 45379 "https://github.com/" "Mozilla/5.0 (iPhone; CPU iPhone OS 17_4 like Mac OS X) AppleWebKit/605.1.15 (KHTML, like Gecko) Version/17.4 Mobile/15E148 Safari/604.1"
192.168.218.19 - - [15/Mar/2026:07:46:22 +0000] "GET /api/products HTTP/1.1" 200 43802 "https://github.com/" "PostmanRuntime/7.36.1"
192.168.237.42 - - [15/Mar/2026:07:46:29 +0000] "GET / HTTP/1.1" 404 42293 "https://github.com/" "PostmanRuntime/7.36.1"
192.168.111.113 - - [15/Mar/2026:07:46:36 +0000] "GET /api/analytics HTTP/1.1" 200 17167 "https://news.ycombinator.com/" "Mozilla/5.0 (iPhone; CPU iPhone OS 17_4 like Mac OS X) AppleWebKit/605.1.15 (KHTML, like Gecko) Version/17.4 Mobile/15E148 Safari/604.1"
192.168.237.42 - - [15/Mar/2026:07:46:43 +0000] "POST /api/comments HTTP/1.1" 200 22060 "https://github.com/" "Mozilla/5.0 (Macintosh; Intel Mac OS X 10_15_7) AppleWebKit/537.36 (KHTML, like Gecko) Chrome/122.0.0.0 Safari/537.36"
192.168.216.118 - - [15/Mar/2026:07:47:50 +0000] "GET /api/comments HTTP/1.1" 302 30910 "https://twitter.com/" "PostmanRuntime/7.36.1"
192.168.84.60 - - [15/Mar/2026:07:47:57 +0000] "GET /settings HTTP/1.1" 200 13649 "https://twitter.com/" "Mozilla/5.0 (iPhone; CPU iPhone OS 17_4 like Mac OS X) AppleWebKit/605.1.15 (KHTML, like Gecko) Version/17.4 Mobile/15E148 Safari/604.1"
192.168.135.122 - - [15/Mar/2026:07:47:04 +0000] "GET /api/orders HTTP/1.1" 302 1893 "https://twitter.com/" "Mozilla/5.0 (Macintosh; Intel Mac OS X 10_15_7) AppleWebKit/537.36 (KHTML, like Gecko) Chrome/122.0.0.0 Safari/537.36"
192.168.56.103 - - [15/Mar/2026:07:47:11 +0000] "DELETE /settings HTTP/1.1" 500 31094 "https://news.ycombinator.com/" "Mozilla/5.0 (Macintosh; Intel Mac OS X 10_15_7) AppleWebKit/537.36 (KHTML, like Gecko) Chrome/122.0.0.0 Safari/537.36"
192.168.100.131 - - [15/Mar/2026:07:47:18 +0000] "GET /static/styles.css HTTP/1.1" 200 4884 "https://twitter.com/" "Mozilla/5.0 (iPhone; CPU iPhone OS 17_4 like Mac OS X) AppleWebKit/605.1.15 (KHTML, like Gecko) Version/17.4 Mobile/15E148 Safari/604.1"
192.168.183.126 - - [15/Mar/2026:07:47:25 +0000] "GET /settings HTTP/1.1" 500 1545 "https://google.com/" "PostmanRuntime/7.36.1"
192.168.145.107 - - [15/Mar/2026:07:47:32 +0000] "GET /api/search HTTP/1.1" 200 20858 "-" "curl/8.4.0"
192.168.233.202 - - [15/Mar/2026:07:47:39 +0000] "GET /static/styles.css HTTP/1.1" 500 37423 "-" "curl/8.4.0"
192.168.35.176 - - [15/Mar/2026:07:47:46 +0000] "GET /images/logo.png HTTP/1.1" 302 8195 "-" "Mozilla/5.0 (Windows NT 10.0; Win64; x64; rv:124.0) Gecko/20100101 Firefox/124.0"
192.168.164.24 - - [15/Mar/2026:07:47:53 +0000] "GET /api/auth/login HTTP/1.1" 500 30481 "https://twitter.com/" "Mozilla/5.0 (Windows NT 10.0; Win64; x64; rv:124.0) Gecko/20100101 Firefox/124.0"
192.168.201.232 - - [15/Mar/2026:08:48:00 +0000] "DELETE /api/comments HTTP/1.1" 200 14098 "-" "Mozilla/5.0 (iPhone; CPU iPhone OS 17_4 like Mac OS X) AppleWebKit/605.1.15 (KHTML, like Gecko) Version/17.4 Mobile/15E148 Safari/604.1"
192.168.2.189 - - [15/Mar/2026:08:48:07 +0000] "GET /api/analytics HTTP/1.1" 500 15495 "https://google.com/" "Mozilla/5.0 (iPhone; CPU iPhone OS 17_4 like Mac OS X) AppleWebKit/605.1.15 (KHTML, like Gecko) Version/17.4 Mobile/15E148 Safari/604.1"
192.168.159.181 - - [15/Mar/2026:08:48:14 +0000] "GET /api/auth/login HTTP/1.1" 200 40491 "https://twitter.com/" "PostmanRuntime/7.36.1"
192.168.35.176 - - [15/Mar/2026:08:48:21 +0000] "DELETE /api/analytics HTTP/1.1" 302 30325 "-" "Mozilla/5.0 (Windows NT 10.0; Win64; x64; rv:124.0) Gecko/20100101 Firefox/124.0"
192.168.84.60 - - [15/Mar/2026:08:48:28 +0000] "POST /api/auth/login HTTP/1.1" 301 22928 "https://twitter.com/" "Mozilla/5.0 (Windows NT 10.0; Win64; x64; rv:124.0) Gecko/20100101 Firefox/124.0"
192.168.181.161 - - [15/Mar/2026:08:48:35 +0000] "GET /api/comments HTTP/1.1" 404 50030 "https://twitter.com/" "Mozilla/5.0 (iPhone; CPU iPhone OS 17_4 like Mac OS X) AppleWebKit/605.1.15 (KHTML, like Gecko) Version/17.4 Mobile/15E148 Safari/604.1"
192.168.218.19 - - [15/Mar/2026:08:48:42 +0000] "GET /dashboard HTTP/1.1" 404 21501 "https://news.ycombinator.com/" "PostmanRuntime/7.36.1"
192.168.39.116 - - [15/Mar/2026:08:48:49 +0000] "GET /api/auth/login HTTP/1.1" 200 33625 "https://twitter.com/" "Mozilla/5.0 (iPhone; CPU iPhone OS 17_4 like Mac OS X) AppleWebKit/605.1.15 (KHTML, like Gecko) Version/17.4 Mobile/15E148 Safari/604.1"
192.168.10.67 - - [15/Mar/2026:08:48:56 +0000] "PUT / HTTP/1.1" 301 29098 "https://news.ycombinator.com/" "PostmanRuntime/7.36.1"
192.168.9.43 - - [15/Mar/2026:08:48:03 +0000] "PUT /healthcheck HTTP/1.1" 200 9947 "https://google.com/" "Mozilla/5.0 (iPhone; CPU iPhone OS 17_4 like Mac OS X) AppleWebKit/605.1.15 (KHTML, like Gecko) Version/17.4 Mobile/15E148 Safari/604.1"
192.168.48.100 - - [15/Mar/2026:08:49:10 +0000] "POST /api/users HTTP/1.1" 200 6258 "https://github.com/" "curl/8.4.0"
192.168.22.170 - - [15/Mar/2026:08:49:17 +0000] "GET /api/comments HTTP/1.1" 302 22608 "https://twitter.com/" "curl/8.4.0"
192.168.135.122 - - [15/Mar/2026:08:49:24 +0000] "GET /images/logo.png HTTP/1.1" 500 28404 "https://google.com/" "curl/8.4.0"
192.168.15.152 - - [15/Mar/2026:08:49:31 +0000] "PUT /healthcheck HTTP/1.1" 200 18714 "https://twitter.com/" "Mozilla/5.0 (iPhone; CPU iPhone OS 17_4 like Mac OS X) AppleWebKit/605.1.15 (KHTML, like Gecko) Version/17.4 Mobile/15E148 Safari/604.1"
192.168.10.67 - - [15/Mar/2026:08:49:38 +0000] "POST /api/products HTTP/1.1" 404 44459 "https://news.ycombinator.com/" "Mozilla/5.0 (Macintosh; Intel Mac OS X 10_15_7) AppleWebKit/537.36 (KHTML, like Gecko) Chrome/122.0.0.0 Safari/537.36"
192.168.201.232 - - [15/Mar/2026:08:49:45 +0000] "DELETE /static/styles.css HTTP/1.1" 200 25355 "https://google.com/" "Mozilla/5.0 (iPhone; CPU iPhone OS 17_4 like Mac OS X) AppleWebKit/605.1.15 (KHTML, like Gecko) Version/17.4 Mobile/15E148 Safari/604.1"
192.168.233.202 - - [15/Mar/2026:08:49:52 +0000] "GET /api/analytics HTTP/1.1" 200 29260 "https://google.com/" "PostmanRuntime/7.36.1"
192.168.39.116 - - [15/Mar/2026:08:49:59 +0000] "GET /api/auth/login HTTP/1.1" 302 34667 "https://news.ycombinator.com/" "curl/8.4.0"
192.168.66.128 - - [15/Mar/2026:08:49:06 +0000] "GET /static/styles.css HTTP/1.1" 200 21687 "https://github.com/" "curl/8.4.0"
192.168.52.226 - - [15/Mar/2026:08:49:13 +0000] "GET / HTTP/1.1" 500 47907 "https://news.ycombinator.com/" "curl/8.4.0"
