192.168.237.42 - - [15/Mar/2026:00:00:00 +0000] "GET /dashboard HTTP/1.1" 200 15873 "https://news.ycombinator.com/" "Mozilla/5.0 (Windows NT 10.0; Win64; x64; rv:124.0) Gecko/20100101 Firefox/124.0"
192.168.218.19 - - [15/Mar/2026:00:00:07 +0000] "POST /api/comments HTTP/1.1" 302 6360 "https://news.ycombinator.com/" "curl/8.4.0"
192.168.212.177 - - [15/Mar/2026:00:00:14 +0000] "GET /settings HTTP/1.1" 200 33117 "https://twitter.com/" "PostmanRuntime/7.36.1"
192.168.164.24 - - [15/Mar/2026:00:00:21 +0000] "GET /api/comments HTTP/1.1" 200 41162 "https://twitter.com/" "PostmanRuntime/7.36.1"
192.168.237.42 - - [15/Mar/2026:00:00:28 +0000] "PUT /static/styles.css HTTP/1.1" 200 39158 "https://twitter.com/" "PostmanRuntime/7.36.1"
192.168.216.118 - - [15/Mar/2026:00:00:35 +0000] "GET /static/styles.css HTTP/1.1" 500 29210 "https://github.com/" "Mozilla/5.0 (iPhone; CPU iPhone OS 17_4 like Mac OS X) AppleWebKit/605.1.15 (KHTML, like Gecko) Version/17.4 Mobile/15E148 Safari/604.1"
192.168.191.176 - - [15/Mar/2026:00:00:42 +0000] "DELETE / HTTP/1.1" 200 8758 "-" "Mozilla/5.0 (iPhone; CPU iPhone OS 17_4 like Mac OS X) AppleWebKit/605.1.15 (KHTML, like Gecko) Version/17.4 Mobile/15E148 Safari/604.1"
192.168.183.126 - - [15/Mar/2026:00:00:49 +0000] "DELETE /api/comments HTTP/1.1" 200 3930 "https://google.com/" "Mozilla/5.0 (iPhone; CPU iPhone OS 17_4 like Mac OS X) AppleWebKit/605.1.15 (KHTML, like Gecko) Version/17.4 Mobile/15E148 Safari/604.1"
192.168.10.67 - - [15/Mar/2026:00:00:56 +0000] "GET /settings HTTP/1.1" 200 20922 "https://news.ycombinator.com/" "curl/8.4.0"
192.168.10.67 - - [15/Mar/2026:00:00:03 +0000] "GET /api/users HTTP/1.1" 200 32975 "https://github.com/" "Mozilla/5.0 (Windows NT 10.0; Win64; x64; rv:124.0) Gecko/20100101 Firefox/124.0"
192.168.233.202 - - [15/Mar/2026:00:01:10 +0000] "PUT /healthcheck HTTP/1.1" 200 47891 "https://news.ycombinator.com/" "Mozilla/5.0 (Macintosh; Intel Mac OS X 10_15_7) AppleWebKit/537.36 (KHTML, like Gecko) Chrome/122.0.0.0 Safari/537.36"
192.168.111.113 - - [15/Mar/2026:00:01:17 +0000] "POST /api/orders HTTP/1.1" 301 47598 "https://twitter.com/" "Mozilla/5.0 (Macintosh; Intel Mac OS X 10_15_7) AppleWebKit/537.36 (KHTML, like Gecko) Chrome/122.0.0.0 Safari/537.36"
192.168.198.75 - - [15/Mar/2026:00:01:24 +0000] "GET / HTTP/1.1" 200 36198 "https://github.com/" "curl/8.4.0"
192.168.237.42 - - [15/Mar/2026:00:01:31 +0000] "POST /static/main.js HTTP/1.1" 302 32562 "https://news.ycombinator.com/" "curl/8.4.0"
192.168.233.202 - - [15/Mar/2026:00:01:38 +0000] "GET /api/search HTTP/1.1" 500 19229 "-" "PostmanRuntime/7.36.1"
192.168.110.238 - - [15/Mar/2026:00:01:45 +0000] "DELETE /images/logo.png HTTP/1.1" 404 38276 "-" "Mozilla/5.0 (iPhone; CPU iPhone OS 17_4 like Mac OS X) AppleWebKit/605.1.15 (KHTML, like Gecko) Version/17.4 Mobile/15E148 Safari/604.1"
192.168.191.176 - - [15/Mar/2026:00:01:52 +0000] "GET /settings HTTP/1.1" 302 28822 "-" "Mozilla/5.0 (Macintosh; Intel Mac OS X 10_15_7) AppleWebKit/537.36 (KHTML, like Gecko) Chrome/122.0.0.0 Safari/537.36"
192.168.160.103 - - [15/Mar/2026:00:01:59 +0000] "GET /images/logo.png HTTP/1.1" 200 31047 "https://github.com/" "curl/8.4.0"
192.168.56.87 - - [15/Mar/2026:00:01:06 +0000] "POST /api/auth/login HTTP/1.1" 200 36154 "-" "Mozilla/5.0 (Macintosh; Intel Mac OS X 10_15_7) AppleWebKit/537.36 (KHTML, like Gecko) Chrome/122.0.0.0 Safari/537.36"
192.168.56.87 - - [15/Mar/2026:00:01:13 +0000] "GET /api/notifications HTTP/1.1" 200 39726 "https://news.ycombinator.com/" "Mozilla/5.0 (Macintosh; Intel Mac OS X 10_15_7) AppleWebKit/537.36 (KHTML, like Gecko) Chrome/122.0.0.0 Safari/537.36"
192.168.185.26 - - [15/Mar/2026:00:02:20 +0000] "GET /api/products HTTP/1.1" 200 17045 "https://github.com/" "curl/8.4.0"
192.168.35.176 - - [15/Mar/2026:00:02:27 +0000] "POST /api/analytics HTTP/1.1" 200 8493 "https://news.ycombinator.com/" "Mozilla/5.0 (iPhone; CPU iPhone OS 17_4 like Mac OS X) AppleWebKit/605.1.15 (KHTML, like Gecko) Version/17.4 Mobile/15E148 Safari/604.1"
192.168.160.103 - - [15/Mar/2026:00:02:34 +0000] "PUT /api/auth/login HTTP/1.1" 200 34542 "https://github.com/" "Mozilla/5.0 (iPhone; CPU iPhone OS 17_4 like Mac OS X) AppleWebKit/605.1.15 (KHTML, like Gecko) Version/17.4 Mobile/15E148 Safari/604.1"
192.168.39.116 - - [15/Mar/2026:00:02:41 +0000] "POST /static/styles.css HTTP/1.1" 302 39731 "https://news.ycombinator.com/" "Mozilla/5.0 (Windows NT 10.0; Win64; x64; rv:124.0) Gecko/20100101 Firefox/124.0"
192.168.52.226 - - [15/Mar/2026:00:02:48 +0000] "PUT /static/styles.css HTTP/1.1" 500 19973 "-" "PostmanRuntime/7.36.1"
192.168.78.66 - - [15/Mar/2026:00:02:55 +0000] "GET /api/comments HTTP/1.1" 302 16861 "https://github.com/" "Mozilla/5.0 (iPhone; CPU iPhone OS 17_4 like Mac OS X) AppleWebKit/605.1.15 (KHTML, like Gecko) Version/17.4 Mobile/15E148 Safari/604.1"
192.168.48.100 - - [15/Mar/2026:00:02:02 +0000] "GET /static/main.js HTTP/1.1" 200 43263 "https://news.ycombinator.com/" "Mozilla/5.0 (Windows NT 10.0; Win64; x64; rv:124.0) Gecko/20100101 Firefox/124.0"
192.168.135.122 - - [15/Mar/2026:00:02:09 +0000] "POST /dashboard HTTP/1.1" 500 19282 "https://github.com/" "Mozilla/5.0 (Macintosh; Intel Mac OS X 10_15_7) AppleWebKit/537.36 (KHTML, like Gecko) Chrome/122.0.0.0 Safari/537.36"
192.168.201.232 - - [15/Mar/2026:00:02:16 +0000] "PUT /static/styles.css HTTP/1.1" 404 12485 "https://news.ycombinator.com/" "curl/8.4.0"
192.168.63.191 - - [15/Mar/2026:00:02:23 +0000] "GET /api/orders HTTP/1.1" 200 12157 "https://twitter.com/" "Mozilla/5.0 (Macintosh; Intel Mac OS X 10_15_7) AppleWebKit/537.36 (KHTML, like Gecko) Chrome/122.0.0.0 Safari/537.36"
192.168.237.37 - - [15/Mar/2026:00:03:30 +0000] "DELETE /api/products HTTP/1.1" 200 30306 "https://twitter.com/" "Mozilla/5.0 (Macintosh; Intel Mac OS X 10_15_7) AppleWebKit/537.36 (KHTML, like Gecko) Chrome/122.0.0.0 Safari/537.36"
192.168.145.107 - - [15/Mar/2026:00:03:37 +0000] "POST /api/analytics HTTP/1.1" 200 6560 "https://github.com/" "Mozilla/5.0 (Macintosh; Intel Mac OS X 10_15_7) AppleWebKit/537.36 (KHTML, like Gecko) Chrome/122.0.0.0 Safari/537.36"
192.168.201.232 - - [15/Mar/2026:00:03:44 +0000] "POST /api/notifications HTTP/1.1" 302 10384 "https://twitter.com/" "curl/8.4.0"
192.168.168.9 - - [15/Mar/2026:00:03:51 +0000] "GET /api/auth/login HTTP/1.1" 500 42231 "https://twitter.com/" "Mozilla/5.0 (Windows NT 10.0; Win64; x64; rv:124.0) Gecko/20100101 Firefox/124.0"
192.168.251.213 - - [15/Mar/2026:00:03:58 +0000] "GET /settings HTTP/1.1" 200 41479 "https://news.ycombinator.com/" "Mozilla/5.0 (iPhone; CPU iPhone OS 17_4 like Mac OS X) AppleWebKit/605.1.15 (KHTML, like Gecko) Version/17.4 Mobile/15E148 Safari/604.1"
192.168.168.41 - - [15/Mar/2026:00:03:05 +0000] "GET /dashboard HTTP/1.1" 301 20984 "-" "Mozilla/5.0 (Windows NT 10.0; Win64; x64; rv:124.0) Gecko/20100101 Firefox/124.0"
192.168.188.46 - - [15/Mar/2026:00:03:12 +0000] "DELETE /healthcheck HTTP/1.1" 200 10114 "https://google.com/" "Mozilla/5.0 (iPhone; CPU iPhone OS 17_4 like Mac OS X) AppleWebKit/605.1.15 (KHTML, like Gecko) Version/17.4 Mobile/15E148 Safari/604.1"
192.168.111.113 - - [15/Mar/2026:00:03:19 +0000] "GET /api/auth/login HTTP/1.1" 500 12975 "https://github.com/" "Mozilla/5.0 (Macintosh; Intel Mac OS X 10_15_7) AppleWebKit/537.36 (KHTML, like Gecko) Chrome/122.0.0.0 Safari/537.36"
192.168.2.189 - - [15/Mar/2026:00:03:26 +0000] "POST /api/search HTTP/1.1" 404 9851 "https://github.com/" "Mozilla/5.0 (iPhone; CPU iPhone OS 17_4 like Mac OS X) AppleWebKit/605.1.15 (KHTML, like Gecko) Version/17.4 Mobile/15E148 Safari/604.1"
192.168.251.213 - - [15/Mar/2026:00:03:33 +0000] "POST /healthcheck HTTP/1.1" 200 10076 "-" "Mozilla/5.0 (iPhone; CPU iPhone OS 17_4 like Mac OS X) AppleWebKit/605.1.15 (KHTML, like Gecko) Version/17.4 Mobile/15E148 Safari/604.1"
192.168.48.100 - - [15/Mar/2026:00:04:40 +0000] "DELETE /dashboard HTTP/1.1" 301 30707 "https://google.com/" "Mozilla/5.0 (Windows NT 10.0; Win64; x64; rv:124.0) Gecko/20100101 Firefox/124.0"
192.168.56.87 - - [15/Mar/2026:00:04:47 +0000] "GET /healthcheck HTTP/1.1" 302 459 "https://twitter.com/" "Mozilla/5.0 (Macintosh; Intel Mac OS X 10_15_7) AppleWebKit/537.36 (KHTML, like Gecko) Chrome/122.0.0.0 Safari/537.36"
192.168.191.176 - - [15/Mar/2026:00:04:54 +0000] "POST /api/users HTTP/1.1" 200 24832 "https://news.ycombinator.com/" "curl/8.4.0"
192.168.188.46 - - [15/Mar/2026:00:04:01 +0000] "GET /settings HTTP/1.1" 200 17676 "https://twitter.com/" "Mozilla/5.0 (Windows NT 10.0; Win64; x64; rv:124.0) Gecko/20100101 Firefox/124.0"
192.168.145.107 - - [15/Mar/2026:00:04:08 +0000] "POST /api/notifications HTTP/1.1" 200 40612 "https://google.com/" "PostmanRuntime/7.36.1"
192.168.185.26 - - [15/Mar/2026:00:04:15 +0000] "GET /api/auth/login HTTP/1.1" 404 16903 "https://twitter.com/" "Mozilla/5.0 (iPhone; CPU iPhone OS 17_4 like Mac OS X) AppleWebKit/605.1.15 (KHTML, like Gecko) Version/17.4 Mobile/15E148 Safari/604.1"
192.168.78.66 - - [15/Mar/2026:00:04:22 +0000] "POST /api/comments HTTP/1.1" 301 33762 "https://github.com/" "Mozilla/5.0 (iPhone; CPU iPhone OS 17_4 like Mac OS X) AppleWebKit/605.1.15 (KHTML, like Gecko) Version/17.4 Mobile/15E148 Safari/604.1"
192.168.237.42 - - [15/Mar/2026:00:04:29 +0000] "DELETE /dashboard HTTP/1.1" 404 6945 "https://github.com/" "Mozilla/5.0 (Macintosh; Intel Mac OS X 10_15_7) AppleWebKit/537.36 (KHTML, like Gecko) Chrome/122.0.0.0 Safari/537.36"
192.168.111.113 - - [15/Mar/2026:00:04:36 +0000] "POST /healthcheck HTTP/1.1" 302 18390 "https://github.com/" "PostmanRuntime/7.36.1"
192.168.243.36 - - [15/Mar/2026:00:04:43 +0000] "POST /api/search HTTP/1.1" 200 47512 "https://google.com/" "Mozilla/5.0 (Macintosh; Intel Mac OS X 10_15_7) AppleWebKit/537.36 (KHTML, like Gecko) Chrome/122.0.0.0 Safari/537.36"
192.168.237.37 - - [15/Mar/2026:00:05:50 +0000] "PUT / HTTP/1.1" 500 44403 "-" "curl/8.4.0"
192.168.45.144 - - [15/Mar/2026:00:05:57 +0000] "GET /dashboard HTTP/1.1" 200 17667 "-" "Mozilla/5.0 (Macintosh; Intel Mac OS X 10_15_7) AppleWebKit/537.36 (KHTML, like Gecko) Chrome/122.0.0.0 Safari/537.36"
192.168.45.144 - - [15/Mar/2026:00:05:04 +0000] "GET /api/search HTTP/1.1" 200 35605 "https://google.com/" "Mozilla/5.0 (Macintosh; Intel Mac OS X 10_15_7) AppleWebKit/537.36 (KHTML, like Gecko) Chrome/122.0.0.0 Safari/537.36"
192.168.183.126 - - [15/Mar/2026:00:05:11 +0000] "GET /static/styles.css HTTP/1.1" 301 24432 "https://twitter.com/" "Mozilla/5.0 (iPhone; CPU iPhone OS 17_4 like Mac OS X) AppleWebKit/605.1.15 (KHTML, like Gecko) Version/17.4 Mobile/15E148 Safari/604.1"
192.168.191.176 - - [15/Mar/2026:00:05:18 +0000] "POST /api/analytics HTTP/1.1" 301 34377 "https://github.com/" "PostmanRuntime/7.36.1"
192.168.110.238 - - [15/Mar/2026:00:05:25 +0000] "GET /static/styles.css HTTP/1.1" 200 38577 "https://twitter.com/" "Mozilla/5.0 (Windows NT 10.0; Win64; x64; rv:124.0) Gecko/20100101 Firefox/124.0"
192.168.237.37 - - [15/Mar/2026:00:05:32 +0000] "GET /api/users HTTP/1.1" 302 32610 "https://twitter.com/" "Mozilla/5.0 (Windows NT 10.0; Win64; x64; rv:124.0) Gecko/20100101 Firefox/124.0"
192.168.95.232 - - [15/Mar/2026:00:05:39 +0000] "GET /api/products HTTP/1.1" 500 1308 "https://news.ycombinator.com/" "curl/8.4.0"
192.168.201.232 - - [15/Mar/2026:00:05:46 +0000] "GET /dashboard HTTP/1.1" 200 40933 "https://twitter.com/" "Mozilla/5.0 (Macintosh; Intel Mac OS X 10_15_7) AppleWebKit/537.36 (KHTML, like Gecko) Chrome/122.0.0.0 Safari/537.36"
192.168.84.60 - - [15/Mar/2026:00:05:53 +0000] "GET /api/analytics HTTP/1.1" 301 10001 "https://news.ycombinator.com/" "curl/8.4.0"
192.168.100.131 - - [15/Mar/2026:01:06:00 +0000] "GET /dashboard HTTP/1.1" 500 33814 "-" "Mozilla/5.0 (Windows NT 10.0; Win64; x64; rv:124.0) Gecko/20100101 Firefox/124.0"
192.168.10.67 - - [15/Mar/2026:01:06:07 +0000] "DELETE /api/search HTTP/1.1" 200 15389 "-" "Mozilla/5.0 (iPhone; CPU iPhone OS 17_4 like Mac OS X) AppleWebKit/605.1.15 (KHTML, like Gecko) Version/17.4 Mobile/15E148 Safari/604.1"
192.168.114.130 - - [15/Mar/2026:01:06:14 +0000] "GET /images/logo.png HTTP/1.1" 200 29519 "-" "Mozilla/5.0 (Macintosh; Intel Mac OS X 10_15_7) AppleWebKit/537.36 (KHTML, like Gecko) Chrome/122.0.0.0 Safari/537.36"
192.168.135.122 - - [15/Mar/2026:01:06:21 +0000] "GET /api/search HTTP/1.1" 200 16394 "https://google.com/" "Mozilla/5.0 (Windows NT 10.0; Win64; x64; rv:124.0) Gecko/20100101 Firefox/124.0"
192.168.15.152 - - [15/Mar/2026:01:06:28 +0000] "GET /images/logo.png HTTP/1.1" 404 16742 "https://twitter.com/" "Mozilla/5.0 (Macintosh; Intel Mac OS X 10_15_7) AppleWebKit/537.36 (KHTML, like Gecko) Chrome/122.0.0.0 Safari/537.36"
192.168.2.189 - - [15/Mar/2026:01:06:35 +0000] "POST /api/products HTTP/1.1" 200 7381 "https://twitter.com/" "Mozilla/5.0 (iPhone; CPU iPhone OS 17_4 like Mac OS X) AppleWebKit/605.1.15 (KHTML, like Gecko) Version/17.4 Mobile/15E148 Safari/604.1"
192.168.48.100 - - [15/Mar/2026:01:06:42 +0000] "DELETE /api/users HTTP/1.1" 500 22499 "https://twitter.com/" "Mozilla/5.0 (iPhone; CPU iPhone OS 17_4 like Mac OS X) AppleWebKit/605.1.15 (KHTML, like Gecko) Version/17.4 Mobile/15E148 Safari/604.1"
192.168.237.37 - - [15/Mar/2026:01:06:49 +0000] "GET /api/products HTTP/1.1" 200 32654 "https://news.ycombinator.com/" "Mozilla/5.0 (iPhone; CPU iPhone OS 17_4 like Mac OS X) AppleWebKit/605.1.15 (KHTML, like Gecko) Version/17.4 Mobile/15E148 Safari/604.1"
192.168.56.87 - - [15/Mar/2026:01:06:56 +0000] "POST /settings HTTP/1.1" 301 11847 "https://github.com/" "curl/8.4.0"
192.168.10.67 - - [15/Mar/2026:01:06:03 +0000] "GET /api/notifications HTTP/1.1" 404 45436 "https://twitter.com/" "Mozilla/5.0 (iPhone; CPU iPhone OS 17_4 like Mac OS X) AppleWebKit/605.1.15 (KHTML, like Gecko) Version/17.4 Mobile/15E148 Safari/604.1"
192.168.15.152 - - [15/Mar/2026:01:07:10 +0000] "GET /dashboard HTTP/1.1" 302 47749 "https://twitter.com/" "PostmanRuntime/7.36.1"
192.168.216.118 - - [15/Mar/2026:01:07:17 +0000] "GET /api/comments HTTP/1.1" 200 21275 "-" "Mozilla/5.0 (Windows NT 10.0; Win64; x64; rv:124.0) Gecko/20100101 Firefox/124.0"
192.168.56.87 - - [15/Mar/2026:01:07:24 +0000] "POST / HTTP/1.1" 200 20486 "-" "curl/8.4.0"
192.168.66.128 - - [15/Mar/2026:01:07:31 +0000] "PUT /api/auth/login HTTP/1.1" 301 26262 "https://google.com/" "PostmanRuntime/7.36.1"
192.168.87.146 - - [15/Mar/2026:01:07:38 +0000] "PUT /images/logo.png HTTP/1.1" 200 47498 "https://google.com/" "PostmanRuntime/7.36.1"
192.168.114.130 - - [15/Mar/2026:01:07:45 +0000] "GET /api/auth/login HTTP/1.1" 500 43067 "https://news.ycombinator.com/" "Mozilla/5.0 (iPhone; CPU iPhone OS 17_4 like Mac OS X) AppleWebKit/605.1.15 (KHTML, like Gecko) Version/17.4 Mobile/15E148 Safari/604.1"
192.168.84.60 - - [15/Mar/2026:01:07:52 +0000] "GET /healthcheck HTTP/1.1" 200 33628 "https://twitter.com/" "PostmanRuntime/7.36.1"
192.168.201.232 - - [15/Mar/2026:01:07:59 +0000] "GET /api/search HTTP/1.1" 404 10696 "-" "Mozilla/5.0 (iPhone; CPU iPhone OS 17_4 like Mac OS X) AppleWebKit/605.1.15 (KHTML, like Gecko) Version/17.4 Mobile/15E148 Safari/604.1"
192.168.78.66 - - [15/Mar/2026:01:07:06 +0000] "PUT /api/orders HTTP/1.1" 200 6646 "https://twitter.com/" "Mozilla/5.0 (Windows NT 10.0; Win64; x64; rv:124.0) Gecko/20100101 Firefox/124.0"
192.168.15.174 - - [15/Mar/2026:01:07:13 +0000] "GET /api/search HTTP/1.1" 301 11447 "-" "Mozilla/5.0 (iPhone; CPU iPhone OS 17_4 like Mac OS X) AppleWebKit/605.1.15 (KHTML, like Gecko) Version/17.4 Mobile/15E148 Safari/604.1"
192.168.168.41 - - [15/Mar/2026:01:08:20 +0000] "GET /images/logo.png HTTP/1.1" 200 8574 "https://twitter.com/" "PostmanRuntime/7.36.1"
192.168.48.100 - - [15/Mar/2026:01:08:27 +0000] "POST /api/analytics HTTP/1.1" 200 38069 "-" "Mozilla/5.0 (Macintosh; Intel Mac OS X 10_15_7) AppleWebKit/537.36 (KHTML, like Gecko) Chrome/122.0.0.0 Safari/537.36"
192.168.78.66 - - [15/Mar/2026:01:08:34 +0000] "GET /api/auth/login HTTP/1.1" 200 37209 "https://google.com/" "Mozilla/5.0 (Macintosh; Intel Mac OS X 10_15_7) AppleWebKit/537.36 (KHTML, like Gecko) Chrome/122.0.0.0 Safari/537.36"
192.168.141.168 - - [15/Mar/2026:01:08:41 +0000] "POST /api/products HTTP/1.1" 302 37313 "https://news.ycombinator.com/" "Mozilla/5.0 (iPhone; CPU iPhone OS 17_4 like Mac OS X) AppleWebKit/605.1.15 (KHTML, like Gecko) Version/17.4 Mobile/15E148 Safari/604.1"
192.168.188.46 - - [15/Mar/2026:01:08:48 +0000] "POST / HTTP/1.1" 500 8864 "https://twitter.com/" "curl/8.4.0"
192.168.141.168 - - [15/Mar/2026:01:08:55 +0000] "DELETE /api/comments HTTP/1.1" 200 8823 "https://twitter.com/" "curl/8.4.0"
192.168.56.103 - - [15/Mar/2026:01:08:02 +0000] "GET /api/search HTTP/1.1" 200 31436 "https://twitter.com/" "Mozilla/5.0 (Windows NT 10.0; Win64; x64; rv:124.0) Gecko/20100101 Firefox/124.0"
192.168.22.170 - - [15/Mar/2026:01:08:09 +0000] "PUT /api/products HTTP/1.1" 500 43623 "https://github.com/" "Mozilla/5.0 (iPhone; CPU iPhone OS 17_4 like Mac OS X) AppleWebKit/605.1.15 (KHTML, like Gecko) Version/17.4 Mobile/15E148 Safari/604.1"
192.168.2.189 - - [15/Mar/2026:01:08:16 +0000] "GET /api/users HTTP/1.1" 200 10167 "https://twitter.com/" "curl/8.4.0"
192.168.159.181 - - [15/Mar/2026:01:08:23 +0000] "GET /static/styles.css HTTP/1.1" 500 27372 "https://news.ycombinator.com/" "Mozilla/5.0 (Macintosh; Intel Mac OS X 10_15_7) AppleWebKit/537.36 (KHTML, like Gecko) Chrome/122.0.0.0 Safari/537.36"
192.168.56.87 - - [15/Mar/2026:01:09:30 +0000] "GET /api/products HTTP/1.1" 200 35896 "https://twitter.com/" "Mozilla/5.0 (Windows NT 10.0; Win64; x64; rv:124.0) Gecko/20100101 Firefox/124.0"
192.168.15.152 - - [15/Mar/2026:01:09:37 +0000] "GET / HTTP/1.1" 500 35895 "https://news.ycombinator.com/" "Mozilla/5.0 (Macintosh; Intel Mac OS X 10_15_7) AppleWebKit/537.36 (KHTML, like Gecko) Chrome/122.0.0.0 Safari/537.36"
192.168.110.238 - - [15/Mar/2026:01:09:44 +0000] "POST /api/products HTTP/1.1" 500 35581 "https://github.com/" "PostmanRuntime/7.36.1"
192.168.237.42 - - [15/Mar/2026:01:09:51 +0000] "GET /api/orders HTTP/1.1" 200 1116 "-" "Mozilla/5.0 (Macintosh; Intel Mac OS X 10_15_7) AppleWebKit/537.36 (KHTML, like Gecko) Chrome/122.0.0.0 Safari/537.36"
192.168.164.24 - - [15/Mar/2026:01:09:58 +0000] "GET /settings HTTP/1.1" 200 43016 "https://news.ycombinator.com/" "PostmanRuntime/7.36.1"
192.168.22.170 - - [15/Mar/2026:01:09:05 +0000] "POST /settings HTTP/1.1" 404 37046 "-" "Mozilla/5.0 (Macintosh; Intel Mac OS X 10_15_7) AppleWebKit/537.36 (KHTML, like Gecko) Chrome/122.0.0.0 Safari/537.36"
192.168.100.131 - - [15/Mar/2026:01:09:12 +0000] "GET /images/logo.png HTTP/1.1" 200 25905 "https://google.com/" "curl/8.4.0"
192.168.15.152 - - [15/Mar/2026:01:09:19 +0000] "GET /static/main.js HTTP/1.1" 404 35989 "https://twitter.com/" "Mozilla/5.0 (Windows NT 10.0; Win64; x64; rv:124.0) Gecko/20100101 Firefox/124.0"
192.168.56.87 - - [15/Mar/2026:01:09:26 +0000] "PUT / HTTP/1.1" 404 6673 "https://github.com/" "Mozilla/5.0 (Windows NT 10.0; Win64; x64; rv:124.0) Gecko/20100101 Firefox/124.0"
192.168.63.191 - - [15/Mar/2026:01:09:33 +0000] "POST /api/search HTTP/1.1" 500 8733 "https://github.com/" "Mozilla/5.0 (iPhone; CPU iPhone OS 17_4 like Mac OS X) AppleWebKit/605.1.15 (KHTML, like Gecko) Version/17.4 Mobile/15E148 Safari/604.1"
192.168.78.66 - - [15/Mar/2026:01:10:40 +0000] "POST /api/comments HTTP/1.1" 500 19986 "https://github.com/" "Mozilla/5.0 (iPhone; CPU iPhone OS 17_4 like Mac OS X) AppleWebKit/605.1.15 (KHTML, like Gecko) Version/17.4 Mobile/15E148 Safari/604.1"
192.168.191.176 - - [15/Mar/2026:01:10:47 +0000] "GET /dashboard HTTP/1.1" 302 21342 "https://github.com/" "Mozilla/5.0 (Macintosh; Intel Mac OS X 10_15_7) AppleWebKit/537.36 (KHTML, like Gecko) Chrome/122.0.0.0 Safari/537.36"
192.168.9.43 - - [15/Mar/2026:01:10:54 +0000] "POST /healthcheck HTTP/1.1" 500 18987 "https://github.com/" "PostmanRuntime/7.36.1"
192.168.22.170 - - [15/Mar/2026:01:10:01 +0000] "PUT /settings HTTP/1.1" 200 24134 "-" "Mozilla/5.0 (iPhone; CPU iPhone OS 17_4 like Mac OS X) AppleWebKit/605.1.15 (KHTML, like Gecko) Version/17.4 Mobile/15E148 Safari/604.1"
192.168.35.176 - - [15/Mar/2026:01:10:08 +0000] "POST /api/auth/login HTTP/1.1" 301 49199 "https://google.com/" "Mozilla/5.0 (iPhone; CPU iPhone OS 17_4 like Mac OS X) AppleWebKit/605.1.15 (KHTML, like Gecko) Version/17.4 Mobile/15E148 Safari/604.1"
192.168.66.128 - - [15/Mar/2026:01:10:15 +0000] "GET /healthcheck HTTP/1.1" 200 29267 "-" "Mozilla/5.0 (Macintosh; Intel Mac OS X 10_15_7) AppleWebKit/537.36 (KHTML, like Gecko) Chrome/122.0.0.0 Safari/537.36"
192.168.56.103 - - [15/Mar/2026:01:10:22 +0000] "GET /api/comments HTTP/1.1" 200 38380 "https://news.ycombinator.com/" "Mozilla/5.0 (iPhone; CPU iPhone OS 17_4 like Mac OS X) AppleWebKit/605.1.15 (KHTML, like Gecko) Version/17.4 Mobile/15E148 Safari/604.1"
192.168.111.113 - - [15/Mar/2026:01:10:29 +0000] "GET /images/logo.png HTTP/1.1" 200 8855 "https://google.com/" "Mozilla/5.0 (iPhone; CPU iPhone OS 17_4 like Mac OS X) AppleWebKit/605.1.15 (KHTML, like Gecko) Version/17.4 Mobile/15E148 Safari/604.1"
192.168.45.144 - - [15/Mar/2026:01:10:36 +0000] "GET /api/analytics HTTP/1.1" 200 15196 "https://github.com/" "Mozilla/5.0 (Windows NT 10.0; Win64; x64; rv:124.0) Gecko/20100101 Firefox/124.0"
192.168.27.24 - - [15/Mar/2026:01:10:43 +0000] "GET /api/auth/login HTTP/1.1" 200 43317 "-" "Mozilla/5.0 (Windows NT 10.0; Win64; x64; rv:124.0) Gecko/20100101 Firefox/124.0"
192.168.2.189 - - [15/Mar/2026:01:11:50 +0000] "GET /dashboard HTTP/1.1" 200 19991 "https://google.com/" "Mozilla/5.0 (iPhone; CPU iPhone OS 17_4 like Mac OS X) AppleWebKit/605.1.15 (KHTML, like Gecko) Version/17.4 Mobile/15E148 Safari/604.1"
192.168.188.46 - - [15/Mar/2026:01:11:57 +0000] "GET /images/logo.png HTTP/1.1" 500 37802 "https://news.ycombinator.com/" "Mozilla/5.0 (iPhone; CPU iPhone OS 17_4 like Mac OS X) AppleWebKit/605.1.15 (KHTML, like Gecko) Version/17.4 Mobile/15E148 Safari/604.1"
192.168.66.128 - - [15/Mar/2026:01:11:04 +0000] "GET /images/logo.png HTTP/1.1" 404 32577 "https://github.com/" "Mozilla/5.0 (iPhone; CPU iPhone OS 17_4 like Mac OS X) AppleWebKit/605.1.15 (KHTML, like Gecko) Version/17.4 Mobile/15E148 Safari/604.1"
192.168.10.67 - - [15/Mar/2026:01:11:11 +0000] "PUT /api/products HTTP/1.1" 302 25224 "https://news.ycombinator.com/" "Mozilla/5.0 (Macintosh; Intel Mac OS X 10_15_7) AppleWebKit/537.36 (KHTML, like Gecko) Chrome/122.0.0.0 Safari/537.36"
192.168.84.60 - - [15/Mar/2026:01:11:18 +0000] "POST /images/logo.png HTTP/1.1" 200 48144 "-" "Mozilla/5.0 (Macintosh; Intel Mac OS X 10_15_7) AppleWebKit/537.36 (KHTML, like Gecko) Chrome/122.0.0.0 Safari/537.36"
192.168.168.41 - - [15/Mar/2026:01:11:25 +0000] "GET /api/comments HTTP/1.1" 200 48615 "https://news.ycombinator.com/" "Mozilla/5.0 (iPhone; CPU iPhone OS 17_4 like Mac OS X) AppleWebKit/605.1.15 (KHTML, like Gecko) Version/17.4 Mobile/15E148 Safari/604.1"
192.168.251.213 - - [15/Mar/2026:01:11:32 +0000] "PUT /api/orders HTTP/1.1" 200 33768 "https://github.com/" "Mozilla/5.0 (Macintosh; Intel Mac OS X 10_15_7) AppleWebKit/537.36 (KHTML, like Gecko) Chrome/122.0.0.0 Safari/537.36"
192.168.110.238 - - [15/Mar/2026:01:11:39 +0000] "POST /api/search HTTP/1.1" 200 6289 "https://twitter.com/" "curl/8.4.0"
192.168.35.176 - - [15/Mar/2026:01:11:46 +0000] "GET /dashboard HTTP/1.1" 200 39848 "https://news.ycombinator.com/" "PostmanRuntime/7.36.1"
192.168.10.67 - - [15/Mar/2026:01:11:53 +0000] "GET /api/products HTTP/1.1" 404 20308 "https://twitter.com/" "curl/8.4.0"
192.168.135.122 - - [15/Mar/2026:02:12:00 +0000] "DELETE / HTTP/1.1" 301 24537 "https://github.com/" "curl/8.4.0"
192.168.39.116 - - [15/Mar/2026:02:12:07 +0000] "POST /api/auth/login HTTP/1.1" 500 39030 "https://news.ycombinator.com/" "PostmanRuntime/7.36.1"
192.168.191.176 - - [15/Mar/2026:02:12:14 +0000] "GET /settings HTTP/1.1" 500 43497 "https://news.ycombinator.com/" "Mozilla/5.0 (iPhone; CPU iPhone OS 17_4 like Mac OS X) AppleWebKit/605.1.15 (KHTML, like Gecko) Version/17.4 Mobile/15E148 Safari/604.1"
192.168.167.234 - - [15/Mar/2026:02:12:21 +0000] "GET /static/styles.css HTTP/1.1" 302 9706 "-" "curl/8.4.0"
192.168.181.161 - - [15/Mar/2026:02:12:28 +0000] "DELETE /api/search HTTP/1.1" 302 36023 "https://google.com/" "curl/8.4.0"
192.168.87.146 - - [15/Mar/2026:02:12:35 +0000] "GET /api/analytics HTTP/1.1" 500 31390 "https://news.ycombinator.com/" "Mozilla/5.0 (Windows NT 10.0; Win64; x64; rv:124.0) Gecko/20100101 Firefox/124.0"
192.168.87.146 - - [15/Mar/2026:02:12:42 +0000] "DELETE /healthcheck HTTP/1.1" 200 15592 "https://news.ycombinator.com/" "curl/8.4.0"
192.168.87.146 - - [15/Mar/2026:02:12:49 +0000] "PUT /api/notifications HTTP/1.1" 404 22201 "https://github.com/" "Mozilla/5.0 (Macintosh; Intel Mac OS X 10_15_7) AppleWebKit/537.36 (KHTML, like Gecko) Chrome/122.0.0.0 Safari/537.36"
192.168.170.130 - - [15/Mar/2026:02:12:56 +0000] "GET /static/styles.css HTTP/1.1" 200 28490 "https://google.com/" "Mozilla/5.0 (iPhone; CPU iPhone OS 17_4 like Mac OS X) AppleWebKit/605.1.15 (KHTML, like Gecko) Version/17.4 Mobile/15E148 Safari/604.1"
192.168.2.189 - - [15/Mar/2026:02:12:03 +0000] "GET /api/users HTTP/1.1" 200 15078 "https://twitter.com/" "Mozilla/5.0 (Windows NT 10.0; Win64; x64; rv:124.0) Gecko/20100101 Firefox/124.0"
192.168.63.191 - - [15/Mar/2026:02:13:10 +0000] "GET /dashboard HTTP/1.1" 200 16754 "-" "Mozilla/5.0 (Windows NT 10.0; Win64; x64; rv:124.0) Gecko/20100101 Firefox/124.0"
192.168.212.177 - - [15/Mar/2026:02:13:17 +0000] "GET /static/main.js HTTP/1.1" 500 38248 "https://twitter.com/" "PostmanRuntime/7.36.1"
192.168.216.118 - - [15/Mar/2026:02:13:24 +0000] "GET /images/logo.png HTTP/1.1" 404 41404 "https://google.com/" "Mozilla/5.0 (Windows NT 10.0; Win64; x64; rv:124.0) Gecko/20100101 Firefox/124.0"
192.168.168.9 - - [15/Mar/2026:02:13:31 +0000] "POST /static/styles.css HTTP/1.1" 302 45078 "-" "curl/8.4.0"
192.168.170.130 - - [15/Mar/2026:02:13:38 +0000] "DELETE /api/products HTTP/1.1" 200 7918 "https://github.com/" "Mozilla/5.0 (iPhone; CPU iPhone OS 17_4 like Mac OS X) AppleWebKit/605.1.15 (KHTML, like Gecko) Version/17.4 Mobile/15E148 Safari/604.1"
192.168.188.46 - - [15/Mar/2026:02:13:45 +0000] "GET /api/orders HTTP/1.1" 404 38929 "https://news.ycombinator.com/" "Mozilla/5.0 (Macintosh; Intel Mac OS X 10_15_7) AppleWebKit/537.36 (KHTML, like Gecko) Chrome/122.0.0.0 Safari/537.36"
192.168.35.176 - - [15/Mar/2026:02:13:52 +0000] "POST /api/search HTTP/1.1" 301 33575 "https://github.com/" "curl/8.4.0"
192.168.110.238 - - [15/Mar/2026:02:13:59 +0000] "GET /api/notifications HTTP/1.1" 200 26360 "https://news.ycombinator.com/" "curl/8.4.0"
192.168.251.213 - - [15/Mar/2026:02:13:06 +0000] "GET /settings HTTP/1.1" 200 24525 "https://google.com/" "curl/8.4.0"
192.168.181.161 - - [15/Mar/2026:02:13:13 +0000] "POST /api/users HTTP/1.1" 200 46076 "https://twitter.com/" "Mozilla/5.0 (iPhone; CPU iPhone OS 17_4 like Mac OS X) AppleWebKit/605.1.15 (KHTML, like Gecko) Version/17.4 Mobile/15E148 Safari/604.1"
192.168.87.146 - - [15/Mar/2026:02:14:20 +0000] "DELETE /api/orders HTTP/1.1" 200 49724 "-" "Mozilla/5.0 (Windows NT 10.0; Win64; x64; rv:124.0) Gecko/20100101 Firefox/124.0"
192.168.175.47 - - [15/Mar/2026:02:14:27 +0000] "GET /api/comments HTTP/1.1" 404 37695 "https://google.com/" "PostmanRuntime/7.36.1"
192.168.164.24 - - [15/Mar/2026:02:14:34 +0000] "POST /api/notifications HTTP/1.1" 200 23382 "https://news.ycombinator.com/" "Mozilla/5.0 (Macintosh; Intel Mac OS X 10_15_7) AppleWebKit/537.36 (KHTML, like Gecko) Chrome/122.0.0.0 Safari/537.36"
192.168.52.226 - - [15/Mar/2026:02:14:41 +0000] "POST /api/notifications HTTP/1.1" 200 18784 "https://github.com/" "Mozilla/5.0 (Macintosh; Intel Mac OS X 10_15_7) AppleWebKit/537.36 (KHTML, like Gecko) Chrome/122.0.0.0 Safari/537.36"
192.168.237.42 - - [15/Mar/2026:02:14:48 +0000] "POST /api/search HTTP/1.1" 200 26962 "https://news.ycombinator.com/" "Mozilla/5.0 (Windows NT 10.0; Win64; x64; rv:124.0) Gecko/20100101 Firefox/124.0"
192.168.233.202 - - [15/Mar/2026:02:14:55 +0000] "GET /images/logo.png HTTP/1.1" 200 9437 "-" "Mozilla/5.0 (iPhone; CPU iPhone OS 17_4 like Mac OS X) AppleWebKit/605.1.15 (KHTML, like Gecko) Version/17.4 Mobile/15E148 Safari/604.1"
192.168.15.152 - - [15/Mar/2026:02:14:02 +0000] "POST /dashboard HTTP/1.1" 404 41293 "https://twitter.com/" "Mozilla/5.0 (iPhone; CPU iPhone OS 17_4 like Mac OS X) AppleWebKit/605.1.15 (KHTML, like Gecko) Version/17.4 Mobile/15E148 Safari/604.1"
192.168.251.213 - - [15/Mar/2026:02:14:09 +0000] "GET /api/users HTTP/1.1" 200 24444 "https://twitter.com/" "Mozilla/5.0 (iPhone; CPU iPhone OS 17_4 like Mac OS X) AppleWebKit/605.1.15 (KHTML, like Gecko) Version/17.4 Mobile/15E148 Safari/604.1"
192.168.167.234 - - [15/Mar/2026:02:14:16 +0000] "DELETE /static/main.js HTTP/1.1" 200 46314 "https://news.ycombinator.com/" "Mozilla/5.0 (Windows NT 10.0; Win64; x64; rv:124.0) Gecko/20100101 Firefox/124.0"
192.168.56.103 - - [15/Mar/2026:02:14:23 +0000] "GET /api/users HTTP/1.1" 302 42963 "-" "Mozilla/5.0 (Windows NT 10.0; Win64; x64; rv:124.0) Gecko/20100101 Firefox/124.0"
192.168.111.113 - - [15/Mar/2026:02:15:30 +0000] "GET /api/orders HTTP/1.1" 301 17793 "https://google.com/" "Mozilla/5.0 (Macintosh; Intel Mac OS X 10_15_7) AppleWebKit/537.36 (KHTML, like Gecko) Chrome/122.0.0.0 Safari/537.36"
192.168.233.202 - - [15/Mar/2026:02:15:37 +0000] "PUT /api/orders HTTP/1.1" 302 23047 "https://github.com/" "PostmanRuntime/7.36.1"
192.168.212.177 - - [15/Mar/2026:02:15:44 +0000] "POST /images/logo.png HTTP/1.1" 500 35779 "-" "Mozilla/5.0 (Macintosh; Intel Mac OS X 10_15_7) AppleWebKit/537.36 (KHTML, like Gecko) Chrome/122.0.0.0 Safari/537.36"
192.168.27.24 - - [15/Mar/2026:02:15:51 +0000] "GET /api/auth/login HTTP/1.1" 301 31382 "-" "PostmanRuntime/7.36.1"
192.168.191.176 - - [15/Mar/2026:02:15:58 +0000] "POST /api/products HTTP/1.1" 500 45970 "https://news.ycombinator.com/" "Mozilla/5.0 (iPhone; CPU iPhone OS 17_4 like Mac OS X) AppleWebKit/605.1.15 (KHTML, like Gecko) Version/17.4 Mobile/15E148 Safari/604.1"
192.168.15.152 - - [15/Mar/2026:02:15:05 +0000] "DELETE /api/auth/login HTTP/1.1" 200 36573 "https://github.com/" "Mozilla/5.0 (Macintosh; Intel Mac OS X 10_15_7) AppleWebKit/537.36 (KHTML, like Gecko) Chrome/122.0.0.0 Safari/537.36"
192.168.56.87 - - [15/Mar/2026:02:15:12 +0000] "GET /api/notifications HTTP/1.1" 200 22028 "-" "PostmanRuntime/7.36.1"
192.168.216.118 - - [15/Mar/2026:02:15:19 +0000] "GET /healthcheck HTTP/1.1" 500 25811 "https://news.ycombinator.com/" "Mozilla/5.0 (Windows NT 10.0; Win64; x64; rv:124.0) Gecko/20100101 Firefox/124.0"
192.168.66.128 - - [15/Mar/2026:02:15:26 +0000] "POST /settings HTTP/1.1" 200 38308 "https://news.ycombinator.com/" "Mozilla/5.0 (Windows NT 10.0; Win64; x64; rv:124.0) Gecko/20100101 Firefox/124.0"
192.168.63.191 - - [15/Mar/2026:02:15:33 +0000] "POST /api/orders HTTP/1.1" 500 48633 "https://github.com/" "Mozilla/5.0 (iPhone; CPU iPhone OS 17_4 like Mac OS X) AppleWebKit/605.1.15 (KHTML, like Gecko) Version/17.4 Mobile/15E148 Safari/604.1"
192.168.243.36 - - [15/Mar/2026:02:16:40 +0000] "GET /api/analytics HTTP/1.1" 200 34926 "https://google.com/" "curl/8.4.0"
192.168.9.43 - - [15/Mar/2026:02:16:47 +0000] "GET /settings HTTP/1.1" 200 39803 "https://twitter.com/" "Mozilla/5.0 (iPhone; CPU iPhone OS 17_4 like Mac OS X) AppleWebKit/605.1.15 (KHTML, like Gecko) Version/17.4 Mobile/15E148 Safari/604.1"
192.168.27.24 - - [15/Mar/2026:02:16:54 +0000] "GET /api/orders HTTP/1.1" 200 25682 "https://google.com/" "Mozilla/5.0 (Macintosh; Intel Mac OS X 10_15_7) AppleWebKit/537.36 (KHTML, like Gecko) Chrome/122.0.0.0 Safari/537.36"
192.168.145.107 - - [15/Mar/2026:02:16:01 +0000] "GET /api/analytics HTTP/1.1" 404 34743 "https://github.com/" "curl/8.4.0"
192.168.159.181 - - [15/Mar/2026:02:16:08 +0000] "POST /api/orders HTTP/1.1" 302 28306 "-" "Mozilla/5.0 (Macintosh; Intel Mac OS X 10_15_7) AppleWebKit/537.36 (KHTML, like Gecko) Chrome/122.0.0.0 Safari/537.36"
192.168.39.116 - - [15/Mar/2026:02:16:15 +0000] "PUT /api/products HTTP/1.1" 301 35584 "https://google.com/" "curl/8.4.0"
192.168.87.146 - - [15/Mar/2026:02:16:22 +0000] "GET /dashboard HTTP/1.1" 302 35305 "https://news.ycombinator.com/" "Mozilla/5.0 (iPhone; CPU iPhone OS 17_4 like Mac OS X) AppleWebKit/605.1.15 (KHTML, like Gecko) Version/17.4 Mobile/15E148 Safari/604.1"
192.168.251.213 - - [15/Mar/2026:02:16:29 +0000] "POST /api/analytics HTTP/1.1" 302 22530 "https://twitter.com/" "PostmanRuntime/7.36.1"
192.168.111.113 - - [15/Mar/2026:02:16:36 +0000] "GET /api/auth/login HTTP/1.1" 404 30696 "https://google.com/" "Mozilla/5.0 (Windows NT 10.0; Win64; x64; rv:124.0) Gecko/20100101 Firefox/124.0"
192.168.160.103 - - [15/Mar/2026:02:16:43 +0000] "POST /api/users HTTP/1.1" 404 14371 "https://twitter.com/" "Mozilla/5.0 (Windows NT 10.0; Win64; x64; rv:124.0) Gecko/20100101 Firefox/124.0"
192.168.175.47 - - [15/Mar/2026:02:17:50 +0000] "GET /settings HTTP/1.1" 301 36362 "-" "curl/8.4.0"
192.168.78.66 - - [15/Mar/2026:02:17:57 +0000] "POST /api/auth/login HTTP/1.1" 302 27317 "https://news.ycombinator.com/" "PostmanRuntime/7.36.1"
192.168.56.87 - - [15/Mar/2026:02:17:04 +0000] "GET /api/auth/login HTTP/1.1" 500 19729 "-" "Mozilla/5.0 (Macintosh; Intel Mac OS X 10_15_7) AppleWebKit/537.36 (KHTML, like Gecko) Chrome/122.0.0.0 Safari/537.36"
192.168.168.41 - - [15/Mar/2026:02:17:11 +0000] "GET / HTTP/1.1" 200 26243 "-" "Mozilla/5.0 (iPhone; CPU iPhone OS 17_4 like Mac OS X) AppleWebKit/605.1.15 (KHTML, like Gecko) Version/17.4 Mobile/15E148 Safari/604.1"
192.168.45.144 - - [15/Mar/2026:02:17:18 +0000] "GET /api/notifications HTTP/1.1" 200 5185 "https://twitter.com/" "Mozilla/5.0 (Macintosh; Intel Mac OS X 10_15_7) AppleWebKit/537.36 (KHTML, like Gecko) Chrome/122.0.0.0 Safari/537.36"
192.168.56.103 - - [15/Mar/2026:02:17:25 +0000] "GET /static/styles.css HTTP/1.1" 500 25802 "https://news.ycombinator.com/" "curl/8.4.0"
192.168.63.191 - - [15/Mar/2026:02:17:32 +0000] "GET /images/logo.png HTTP/1.1" 500 13090 "https://news.ycombinator.com/" "Mozilla/5.0 (iPhone; CPU iPhone OS 17_4 like Mac OS X) AppleWebKit/605.1.15 (KHTML, like Gecko) Version/17.4 Mobile/15E148 Safari/604.1"
192.168.198.75 - - [15/Mar/2026:02:17:39 +0000] "GET / HTTP/1.1" 301 29264 "https://google.com/" "PostmanRuntime/7.36.1"
192.168.48.100 - - [15/Mar/2026:02:17:46 +0000] "POST / HTTP/1.1" 302 48910 "https://github.com/" "Mozilla/5.0 (Windows NT 10.0; Win64; x64; rv:124.0) Gecko/20100101 Firefox/124.0"
192.168.145.107 - - [15/Mar/2026:02:17:53 +0000] "GET /static/styles.css HTTP/1.1" 500 30451 "https://twitter.com/" "PostmanRuntime/7.36.1"
192.168.218.19 - - [15/Mar/2026:03:18:00 +0000] "POST / HTTP/1.1" 404 29077 "https://github.com/" "PostmanRuntime/7.36.1"
192.168.141.168 - - [15/Mar/2026:03:18:07 +0000] "GET /api/analytics HTTP/1.1" 500 31258 "https://google.com/" "Mozilla/5.0 (Macintosh; Intel Mac OS X 10_15_7) AppleWebKit/537.36 (KHTML, like Gecko) Chrome/122.0.0.0 Safari/537.36"
192.168.48.100 - - [15/Mar/2026:03:18:14 +0000] "GET /static/styles.css HTTP/1.1" 200 3327 "https://github.com/" "Mozilla/5.0 (Macintosh; Intel Mac OS X 10_15_7) AppleWebKit/537.36 (KHTML, like Gecko) Chrome/122.0.0.0 Safari/537.36"
192.168.100.131 - - [15/Mar/2026:03:18:21 +0000] "POST /healthcheck HTTP/1.1" 200 21545 "-" "Mozilla/5.0 (Windows NT 10.0; Win64; x64; rv:124.0) Gecko/20100101 Firefox/124.0"
192.168.175.47 - - [15/Mar/2026:03:18:28 +0000] "GET /api/analytics HTTP/1.1" 200 21051 "https://twitter.com/" "Mozilla/5.0 (Macintosh; Intel Mac OS X 10_15_7) AppleWebKit/537.36 (KHTML, like Gecko) Chrome/122.0.0.0 Safari/537.36"
192.168.39.116 - - [15/Mar/2026:03:18:35 +0000] "GET /api/search HTTP/1.1" 200 37324 "https://twitter.com/" "Mozilla/5.0 (iPhone; CPU iPhone OS 17_4 like Mac OS X) AppleWebKit/605.1.15 (KHTML, like Gecko) Version/17.4 Mobile/15E148 Safari/604.1"
192.168.35.176 - - [15/Mar/2026:03:18:42 +0000] "GET /static/main.js HTTP/1.1" 200 20505 "https://news.ycombinator.com/" "Mozilla/5.0 (iPhone; CPU iPhone OS 17_4 like Mac OS X) AppleWebKit/605.1.15 (KHTML, like Gecko) Version/17.4 Mobile/15E148 Safari/604.1"
192.168.66.128 - - [15/Mar/2026:03:18:49 +0000] "GET /api/users HTTP/1.1" 200 2643 "https://news.ycombinator.com/" "curl/8.4.0"
192.168.183.126 - - [15/Mar/2026:03:18:56 +0000] "POST /api/users HTTP/1.1" 500 41776 "-" "PostmanRuntime/7.36.1"
192.168.201.232 - - [15/Mar/2026:03:18:03 +0000] "GET /api/comments HTTP/1.1" 200 28745 "https://twitter.com/" "Mozilla/5.0 (iPhone; CPU iPhone OS 17_4 like Mac OS X) AppleWebKit/605.1.15 (KHTML, like Gecko) Version/17.4 Mobile/15E148 Safari/604.1"
192.168.159.181 - - [15/Mar/2026:03:19:10 +0000] "GET /api/search HTTP/1.1" 301 5065 "https://github.com/" "Mozilla/5.0 (Macintosh; Intel Mac OS X 10_15_7) AppleWebKit/537.36 (KHTML, like Gecko) Chrome/122.0.0.0 Safari/537.36"
192.168.111.113 - - [15/Mar/2026:03:19:17 +0000] "GET /api/notifications HTTP/1.1" 200 1096 "https://github.com/" "Mozilla/5.0 (iPhone; CPU iPhone OS 17_4 like Mac OS X) AppleWebKit/605.1.15 (KHTML, like Gecko) Version/17.4 Mobile/15E148 Safari/604.1"
192.168.52.226 - - [15/Mar/2026:03:19:24 +0000] "POST /settings HTTP/1.1" 200 18134 "https://github.com/" "curl/8.4.0"
192.168.188.46 - - [15/Mar/2026:03:19:31 +0000] "GET /api/notifications HTTP/1.1" 301 24646 "-" "curl/8.4.0"
192.168.188.46 - - [15/Mar/2026:03:19:38 +0000] "GET /api/orders HTTP/1.1" 500 49578 "-" "Mozilla/5.0 (iPhone; CPU iPhone OS 17_4 like Mac OS X) AppleWebKit/605.1.15 (KHTML, like Gecko) Version/17.4 Mobile/15E148 Safari/604.1"
192.168.87.146 - - [15/Mar/2026:03:19:45 +0000] "GET /api/orders HTTP/1.1" 301 9965 "-" "curl/8.4.0"
192.168.198.75 - - [15/Mar/2026:03:19:52 +0000] "GET /api/comments HTTP/1.1" 500 1346 "https://github.com/" "Mozilla/5.0 (Windows NT 10.0; Win64; x64; rv:124.0) Gecko/20100101 Firefox/124.0"
192.168.201.232 - - [15/Mar/2026:03:19:59 +0000] "POST /api/users HTTP/1.1" 200 39003 "https://twitter.com/" "PostmanRuntime/7.36.1"
192.168.201.232 - - [15/Mar/2026:03:19:06 +0000] "POST /dashboard HTTP/1.1" 302 29169 "-" "curl/8.4.0"
192.168.27.24 - - [15/Mar/2026:03:19:13 +0000] "GET /images/logo.png HTTP/1.1" 500 7821 "https://news.ycombinator.com/" "curl/8.4.0"
192.168.135.122 - - [15/Mar/2026:03:20:20 +0000] "GET /healthcheck HTTP/1.1" 500 5432 "-" "curl/8.4.0"
192.168.218.19 - - [15/Mar/2026:03:20:27 +0000] "DELETE /images/logo.png HTTP/1.1" 200 39260 "https://twitter.com/" "Mozilla/5.0 (Windows NT 10.0; Win64; x64; rv:124.0) Gecko/20100101 Firefox/124.0"
192.168.15.152 - - [15/Mar/2026:03:20:34 +0000] "GET /api/search HTTP/1.1" 301 14097 "https://google.com/" "Mozilla/5.0 (Macintosh; Intel Mac OS X 10_15_7) AppleWebKit/537.36 (KHTML, like Gecko) Chrome/122.0.0.0 Safari/537.36"
192.168.167.234 - - [15/Mar/2026:03:20:41 +0000] "GET /api/users HTTP/1.1" 404 4564 "https://github.com/" "curl/8.4.0"
192.168.168.41 - - [15/Mar/2026:03:20:48 +0000] "GET /api/auth/login HTTP/1.1" 200 35465 "https://news.ycombinator.com/" "Mozilla/5.0 (Windows NT 10.0; Win64; x64; rv:124.0) Gecko/20100101 Firefox/124.0"
192.168.39.116 - - [15/Mar/2026:03:20:55 +0000] "POST /api/comments HTTP/1.1" 200 43339 "-" "Mozilla/5.0 (Windows NT 10.0; Win64; x64; rv:124.0) Gecko/20100101 Firefox/124.0"
192.168.95.232 - - [15/Mar/2026:03:20:02 +0000] "PUT /api/users HTTP/1.1" 200 2791 "https://google.com/" "Mozilla/5.0 (Windows NT 10.0; Win64; x64; rv:124.0) Gecko/20100101 Firefox/124.0"
192.168.22.170 - - [15/Mar/2026:03:20:09 +0000] "GET /static/styles.css HTTP/1.1" 200 20755 "https://github.com/" "Mozilla/5.0 (Windows NT 10.0; Win64; x64; rv:124.0) Gecko/20100101 Firefox/124.0"
192.168.48.100 - - [15/Mar/2026:03:20:16 +0000] "GET /api/users HTTP/1.1" 200 26500 "https://github.com/" "PostmanRuntime/7.36.1"
192.168.52.226 - - [15/Mar/2026:03:20:23 +0000] "GET /api/users HTTP/1.1" 404 46815 "https://twitter.com/" "curl/8.4.0"
192.168.56.87 - - [15/Mar/2026:03:21:30 +0000] "POST /healthcheck HTTP/1.1" 200 8466 "https://news.ycombinator.com/" "Mozilla/5.0 (iPhone; CPU iPhone OS 17_4 like Mac OS X) AppleWebKit/605.1.15 (KHTML, like Gecko) Version/17.4 Mobile/15E148 Safari/604.1"
192.168.237.37 - - [15/Mar/2026:03:21:37 +0000] "GET /api/users HTTP/1.1" 200 31162 "https://github.com/" "Mozilla/5.0 (iPhone; CPU iPhone OS 17_4 like Mac OS X) AppleWebKit/605.1.15 (KHTML, like Gecko) Version/17.4 Mobile/15E148 Safari/604.1"
192.168.95.232 - - [15/Mar/2026:03:21:44 +0000] "POST /api/users HTTP/1.1" 200 28028 "https://twitter.com/" "Mozilla/5.0 (Windows NT 10.0; Win64; x64; rv:124.0) Gecko/20100101 Firefox/124.0"
192.168.145.107 - - [15/Mar/2026:03:21:51 +0000] "GET / HTTP/1.1" 500 13002 "https://github.com/" "PostmanRuntime/7.36.1"
192.168.183.126 - - [15/Mar/2026:03:21:58 +0000] "POST /api/comments HTTP/1.1" 200 12986 "https://google.com/" "PostmanRuntime/7.36.1"
192.168.237.42 - - [15/Mar/2026:03:21:05 +0000] "PUT / HTTP/1.1" 404 42819 "https://google.com/" "PostmanRuntime/7.36.1"
192.168.191.176 - - [15/Mar/2026:03:21:12 +0000] "GET /images/logo.png HTTP/1.1" 200 18879 "https://google.com/" "Mozilla/5.0 (iPhone; CPU iPhone OS 17_4 like Mac OS X) AppleWebKit/605.1.15 (KHTML, like Gecko) Version/17.4 Mobile/15E148 Safari/604.1"
192.168.160.103 - - [15/Mar/2026:03:21:19 +0000] "DELETE /static/styles.css HTTP/1.1" 404 32411 "https://google.com/" "Mozilla/5.0 (iPhone; CPU iPhone OS 17_4 like Mac OS X) AppleWebKit/605.1.15 (KHTML, like Gecko) Version/17.4 Mobile/15E148 Safari/604.1"
192.168.100.131 - - [15/Mar/2026:03:21:26 +0000] "POST /static/styles.css HTTP/1.1" 404 8910 "-" "Mozilla/5.0 (Macintosh; Intel Mac OS X 10_15_7) AppleWebKit/537.36 (KHTML, like Gecko) Chrome/122.0.0.0 Safari/537.36"
192.168.181.161 - - [15/Mar/2026:03:21:33 +0000] "DELETE /static/styles.css HTTP/1.1" 200 34752 "https://news.ycombinator.com/" "Mozilla/5.0 (iPhone; CPU iPhone OS 17_4 like Mac OS X) AppleWebKit/605.1.15 (KHTML, like Gecko) Version/17.4 Mobile/15E148 Safari/604.1"
192.168.15.152 - - [15/Mar/2026:03:22:40 +0000] "GET /static/main.js HTTP/1.1" 200 22593 "https://google.com/" "Mozilla/5.0 (Macintosh; Intel Mac OS X 10_15_7) AppleWebKit/537.36 (KHTML, like Gecko) Chrome/122.0.0.0 Safari/537.36"
192.168.191.176 - - [15/Mar/2026:03:22:47 +0000] "GET /api/products HTTP/1.1" 200 42516 "-" "Mozilla/5.0 (iPhone; CPU iPhone OS 17_4 like Mac OS X) AppleWebKit/605.1.15 (KHTML, like Gecko) Version/17.4 Mobile/15E148 Safari/604.1"
192.168.10.67 - - [15/Mar/2026:03:22:54 +0000] "POST / HTTP/1.1" 404 15752 "-" "PostmanRuntime/7.36.1"
192.168.243.36 - - [15/Mar/2026:03:22:01 +0000] "POST /api/users HTTP/1.1" 302 27773 "https://news.ycombinator.com/" "Mozilla/5.0 (iPhone; CPU iPhone OS 17_4 like Mac OS X) AppleWebKit/605.1.15 (KHTML, like Gecko) Version/17.4 Mobile/15E148 Safari/604.1"
192.168.15.174 - - [15/Mar/2026:03:22:08 +0000] "GET /api/products HTTP/1.1" 301 42506 "-" "Mozilla/5.0 (iPhone; CPU iPhone OS 17_4 like Mac OS X) AppleWebKit/605.1.15 (KHTML, like Gecko) Version/17.4 Mobile/15E148 Safari/604.1"
192.168.168.9 - - [15/Mar/2026:03:22:15 +0000] "POST /api/users HTTP/1.1" 200 32898 "https://google.com/" "Mozilla/5.0 (Macintosh; Intel Mac OS X 10_15_7) AppleWebKit/537.36 (KHTML, like Gecko) Chrome/122.0.0.0 Safari/537.36"
192.168.168.41 - - [15/Mar/2026:03:22:22 +0000] "POST /api/search HTTP/1.1" 200 7556 "https://github.com/" "Mozilla/5.0 (iPhone; CPU iPhone OS 17_4 like Mac OS X) AppleWebKit/605.1.15 (KHTML, like Gecko) Version/17.4 Mobile/15E148 Safari/604.1"
192.168.84.60 - - [15/Mar/2026:03:22:29 +0000] "PUT /images/logo.png HTTP/1.1" 200 10887 "https://google.com/" "curl/8.4.0"
192.168.15.174 - - [15/Mar/2026:03:22:36 +0000] "POST /dashboard HTTP/1.1" 500 10545 "-" "curl/8.4.0"
192.168.66.128 - - [15/Mar/2026:03:22:43 +0000] "PUT /settings HTTP/1.1" 301 33272 "https://twitter.com/" "PostmanRuntime/7.36.1"
192.168.185.26 - - [15/Mar/2026:03:23:50 +0000] "GET /api/orders HTTP/1.1" 404 319 "https://twitter.com/" "curl/8.4.0"
192.168.9.43 - - [15/Mar/2026:03:23:57 +0000] "GET /static/main.js HTTP/1.1" 404 49897 "https://google.com/" "curl/8.4.0"
192.168.141.168 - - [15/Mar/2026:03:23:04 +0000] "DELETE /api/search HTTP/1.1" 200 32645 "https://google.com/" "curl/8.4.0"
192.168.100.131 - - [15/Mar/2026:03:23:11 +0000] "GET /images/logo.png HTTP/1.1" 404 3241 "https://twitter.com/" "PostmanRuntime/7.36.1"
192.168.78.66 - - [15/Mar/2026:03:23:18 +0000] "POST /api/products HTTP/1.1" 500 10122 "https://news.ycombinator.com/" "PostmanRuntime/7.36.1"
192.168.159.181 - - [15/Mar/2026:03:23:25 +0000] "GET /images/logo.png HTTP/1.1" 200 19228 "https://twitter.com/" "Mozilla/5.0 (Windows NT 10.0; Win64; x64; rv:124.0) Gecko/20100101 Firefox/124.0"
192.168.39.116 - - [15/Mar/2026:03:23:32 +0000] "DELETE /api/analytics HTTP/1.1" 500 24909 "https://github.com/" "Mozilla/5.0 (Macintosh; Intel Mac OS X 10_15_7) AppleWebKit/537.36 (KHTML, like Gecko) Chrome/122.0.0.0 Safari/537.36"
192.168.48.100 - - [15/Mar/2026:03:23:39 +0000] "GET /api/users HTTP/1.1" 500 18001 "-" "curl/8.4.0"
192.168.27.24 - - [15/Mar/2026:03:23:46 +0000] "GET /api/analytics HTTP/1.1" 301 16757 "https://twitter.com/" "Mozilla/5.0 (Macintosh; Intel Mac OS X 10_15_7) AppleWebKit/537.36 (KHTML, like Gecko) Chrome/122.0.0.0 Safari/537.36"
192.168.237.42 - - [15/Mar/2026:03:23:53 +0000] "GET /api/comments HTTP/1.1" 404 3185 "https://twitter.com/" "Mozilla/5.0 (Macintosh; Intel Mac OS X 10_15_7) AppleWebKit/537.36 (KHTML, like Gecko) Chrome/122.0.0.0 Safari/537.36"
192.168.145.107 - - [15/Mar/2026:04:24:00 +0000] "DELETE /static/styles.css HTTP/1.1" 302 8575 "-" "Mozilla/5.0 (Macintosh; Intel Mac OS X 10_15_7) AppleWebKit/537.36 (KHTML, like Gecko) Chrome/122.0.0.0 Safari/537.36"
192.168.35.176 - - [15/Mar/2026:04:24:07 +0000] "PUT /api/users HTTP/1.1" 200 8124 "https://github.com/" "Mozilla/5.0 (Macintosh; Intel Mac OS X 10_15_7) AppleWebKit/537.36 (KHTML, like Gecko) Chrome/122.0.0.0 Safari/537.36"
192.168.167.234 - - [15/Mar/2026:04:24:14 +0000] "PUT /settings HTTP/1.1" 200 25317 "https://news.ycombinator.com/" "Mozilla/5.0 (Windows NT 10.0; Win64; x64; rv:124.0) Gecko/20100101 Firefox/124.0"
192.168.95.232 - - [15/Mar/2026:04:24:21 +0000] "GET /static/main.js HTTP/1.1" 200 16371 "https://google.com/" "Mozilla/5.0 (iPhone; CPU iPhone OS 17_4 like Mac OS X) AppleWebKit/605.1.15 (KHTML, like Gecko) Version/17.4 Mobile/15E148 Safari/604.1"
192.168.100.131 - - [15/Mar/2026:04:24:28 +0000] "DELETE /api/comments HTTP/1.1" 301 10971 "-" "curl/8.4.0"
192.168.212.177 - - [15/Mar/2026:04:24:35 +0000] "GET /dashboard HTTP/1.1" 200 35892 "-" "Mozilla/5.0 (Windows NT 10.0; Win64; x64; rv:124.0) Gecko/20100101 Firefox/124.0"
192.168.188.46 - - [15/Mar/2026:04:24:42 +0000] "POST /settings HTTP/1.1" 200 44395 "-" "Mozilla/5.0 (Macintosh; Intel Mac OS X 10_15_7) AppleWebKit/537.36 (KHTML, like Gecko) Chrome/122.0.0.0 Safari/537.36"
192.168.216.118 - - [15/Mar/2026:04:24:49 +0000] "PUT /api/notifications HTTP/1.1" 200 2970 "https://github.com/" "curl/8.4.0"
192.168.191.176 - - [15/Mar/2026:04:24:56 +0000] "PUT /api/analytics HTTP/1.1" 200 48801 "https://google.com/" "Mozilla/5.0 (iPhone; CPU iPhone OS 17_4 like Mac OS X) AppleWebKit/605.1.15 (KHTML, like Gecko) Version/17.4 Mobile/15E148 Safari/604.1"
192.168.145.107 - - [15/Mar/2026:04:24:03 +0000] "GET /api/users HTTP/1.1" 404 7000 "https://twitter.com/" "Mozilla/5.0 (iPhone; CPU iPhone OS 17_4 like Mac OS X) AppleWebKit/605.1.15 (KHTML, like Gecko) Version/17.4 Mobile/15E148 Safari/604.1"
192.168.191.176 - - [15/Mar/2026:04:25:10 +0000] "GET /api/notifications HTTP/1.1" 200 31601 "https://news.ycombinator.com/" "Mozilla/5.0 (Windows NT 10.0; Win64; x64; rv:124.0) Gecko/20100101 Firefox/124.0"
192.168.110.238 - - [15/Mar/2026:04:25:17 +0000] "PUT /api/notifications HTTP/1.1" 200 37818 "https://github.com/" "curl/8.4.0"
192.168.52.226 - - [15/Mar/2026:04:25:24 +0000] "DELETE /api/orders HTTP/1.1" 200 45218 "https://google.com/" "Mozilla/5.0 (iPhone; CPU iPhone OS 17_4 like Mac OS X) AppleWebKit/605.1.15 (KHTML, like Gecko) Version/17.4 Mobile/15E148 Safari/604.1"
192.168.48.100 - - [15/Mar/2026:04:25:31 +0000] "POST /api/search HTTP/1.1" 200 42569 "https://news.ycombinator.com/" "Mozilla/5.0 (iPhone; CPU iPhone OS 17_4 like Mac OS X) AppleWebKit/605.1.15 (KHTML, like Gecko) Version/17.4 Mobile/15E148 Safari/604.1"
192.168.22.170 - - [15/Mar/2026:04:25:38 +0000] "GET /api/auth/login HTTP/1.1" 301 14674 "https://google.com/" "PostmanRuntime/7.36.1"
192.168.15.174 - - [15/Mar/2026:04:25:45 +0000] "POST /api/users HTTP/1.1" 404 10846 "https://github.com/" "Mozilla/5.0 (Macintosh; Intel Mac OS X 10_15_7) AppleWebKit/537.36 (KHTML, like Gecko) Chrome/122.0.0.0 Safari/537.36"
192.168.212.177 - - [15/Mar/2026:04:25:52 +0000] "POST /dashboard HTTP/1.1" 200 19417 "https://twitter.com/" "Mozilla/5.0 (Macintosh; Intel Mac OS X 10_15_7) AppleWebKit/537.36 (KHTML, like Gecko) Chrome/122.0.0.0 Safari/537.36"
192.168.66.128 - - [15/Mar/2026:04:25:59 +0000] "GET /dashboard HTTP/1.1" 404 3515 "https://twitter.com/" "PostmanRuntime/7.36.1"
192.168.198.75 - - [15/Mar/2026:04:25:06 +0000] "GET /static/styles.css HTTP/1.1" 200 44003 "https://github.com/" "Mozilla/5.0 (Windows NT 10.0; Win64; x64; rv:124.0) Gecko/20100101 Firefox/124.0"
192.168.167.234 - - [15/Mar/2026:04:25:13 +0000] "GET /healthcheck HTTP/1.1" 302 4667 "https://google.com/" "Mozilla/5.0 (Macintosh; Intel Mac OS X 10_15_7) AppleWebKit/537.36 (KHTML, like Gecko) Chrome/122.0.0.0 Safari/537.36"
192.168.22.170 - - [15/Mar/2026:04:26:20 +0000] "GET /dashboard HTTP/1.1" 200 15766 "https://news.ycombinator.com/" "Mozilla/5.0 (iPhone; CPU iPhone OS 17_4 like Mac OS X) AppleWebKit/605.1.15 (KHTML, like Gecko) Version/17.4 Mobile/15E148 Safari/604.1"
192.168.251.213 - - [15/Mar/2026:04:26:27 +0000] "DELETE /api/analytics HTTP/1.1" 500 4691 "-" "Mozilla/5.0 (Windows NT 10.0; Win64; x64; rv:124.0) Gecko/20100101 Firefox/124.0"
192.168.170.130 - - [15/Mar/2026:04:26:34 +0000] "GET /api/products HTTP/1.1" 200 36717 "https://github.com/" "Mozilla/5.0 (Macintosh; Intel Mac OS X 10_15_7) AppleWebKit/537.36 (KHTML, like Gecko) Chrome/122.0.0.0 Safari/537.36"
